Archive member included to satisfy reference by file (symbol)

/home/melisa/tricore-gcc/bin/../lib/gcc/tricore-elf/13.4.0/tc162/libgcc.a(_fixunsdfsi.o)
                              ../Configurations/CMakeFiles/configurations.dir/__/Libraries/Infra/Ssw/TC39B/Tricore/Ifx_Ssw_Tc1.c.obj (__fixunsdfsi)
/home/melisa/tricore-gcc/bin/../lib/gcc/tricore-elf/13.4.0/tc162/libgcc.a(_sf_to_df.o)
                              ../Configurations/CMakeFiles/configurations.dir/__/Libraries/Infra/Ssw/TC39B/Tricore/Ifx_Ssw_Tc1.c.obj (__extendsfdf2)
/home/melisa/tricore-gcc/bin/../lib/gcc/tricore-elf/13.4.0/tc162/libgcc.a(_addsub_df.o)
                              /home/melisa/tricore-gcc/bin/../lib/gcc/tricore-elf/13.4.0/tc162/libgcc.a(_fixunsdfsi.o) (__subdf3)
/home/melisa/tricore-gcc/bin/../lib/gcc/tricore-elf/13.4.0/tc162/libgcc.a(_mul_df.o)
                              ../Configurations/CMakeFiles/configurations.dir/__/Libraries/Infra/Ssw/TC39B/Tricore/Ifx_Ssw_Tc1.c.obj (__muldf3)
/home/melisa/tricore-gcc/bin/../lib/gcc/tricore-elf/13.4.0/tc162/libgcc.a(_ge_df.o)
                              /home/melisa/tricore-gcc/bin/../lib/gcc/tricore-elf/13.4.0/tc162/libgcc.a(_fixunsdfsi.o) (__gedf2)
/home/melisa/tricore-gcc/bin/../lib/gcc/tricore-elf/13.4.0/tc162/libgcc.a(_df_to_si.o)
                              /home/melisa/tricore-gcc/bin/../lib/gcc/tricore-elf/13.4.0/tc162/libgcc.a(_fixunsdfsi.o) (__fixdfsi)
/home/melisa/tricore-gcc/bin/../lib/gcc/tricore-elf/13.4.0/tc162/libgcc.a(_make_df.o)
                              /home/melisa/tricore-gcc/bin/../lib/gcc/tricore-elf/13.4.0/tc162/libgcc.a(_sf_to_df.o) (__make_dp)
/home/melisa/tricore-gcc/bin/../lib/gcc/tricore-elf/13.4.0/tc162/libgcc.a(_thenan_df.o)
                              /home/melisa/tricore-gcc/bin/../lib/gcc/tricore-elf/13.4.0/tc162/libgcc.a(_addsub_df.o) (__thenan_df)
/home/melisa/tricore-gcc/bin/../lib/gcc/tricore-elf/13.4.0/tc162/libgcc.a(_unpack_sf.o)
                              /home/melisa/tricore-gcc/bin/../lib/gcc/tricore-elf/13.4.0/tc162/libgcc.a(_sf_to_df.o) (__unpack_f)
/home/melisa/tricore-gcc/bin/../lib/gcc/tricore-elf/13.4.0/tc162/libgcc.a(_pack_df.o)
                              /home/melisa/tricore-gcc/bin/../lib/gcc/tricore-elf/13.4.0/tc162/libgcc.a(_addsub_df.o) (__pack_d)
/home/melisa/tricore-gcc/bin/../lib/gcc/tricore-elf/13.4.0/tc162/libgcc.a(_unpack_df.o)
                              /home/melisa/tricore-gcc/bin/../lib/gcc/tricore-elf/13.4.0/tc162/libgcc.a(_addsub_df.o) (__unpack_d)
/home/melisa/tricore-gcc/bin/../lib/gcc/tricore-elf/13.4.0/tc162/libgcc.a(_fpcmp_parts_df.o)
                              /home/melisa/tricore-gcc/bin/../lib/gcc/tricore-elf/13.4.0/tc162/libgcc.a(_ge_df.o) (__fpcmp_parts_d)
/home/melisa/tricore-gcc/bin/../lib/gcc/tricore-elf/13.4.0/../../../../tricore-elf/lib/tc162/libc.a(libc_a-exit.o)
                              ../Configurations/CMakeFiles/configurations.dir/__/Libraries/Infra/Ssw/TC39B/Tricore/Ifx_Ssw_Infra.c.obj (exit)
/home/melisa/tricore-gcc/bin/../lib/gcc/tricore-elf/13.4.0/../../../../tricore-elf/lib/tc162/libc.a(libc_a-findfp.o)
                              /home/melisa/tricore-gcc/bin/../lib/gcc/tricore-elf/13.4.0/../../../../tricore-elf/lib/tc162/libc.a(libc_a-exit.o) (__stdio_exit_handler)
/home/melisa/tricore-gcc/bin/../lib/gcc/tricore-elf/13.4.0/../../../../tricore-elf/lib/tc162/libc.a(libc_a-fwalk.o)
                              /home/melisa/tricore-gcc/bin/../lib/gcc/tricore-elf/13.4.0/../../../../tricore-elf/lib/tc162/libc.a(libc_a-findfp.o) (_fwalk_sglue)
/home/melisa/tricore-gcc/bin/../lib/gcc/tricore-elf/13.4.0/../../../../tricore-elf/lib/tc162/libc.a(libc_a-stdio.o)
                              /home/melisa/tricore-gcc/bin/../lib/gcc/tricore-elf/13.4.0/../../../../tricore-elf/lib/tc162/libc.a(libc_a-findfp.o) (__sread)
/home/melisa/tricore-gcc/bin/../lib/gcc/tricore-elf/13.4.0/../../../../tricore-elf/lib/tc162/libc.a(libc_a-memset.o)
                              /home/melisa/tricore-gcc/bin/../lib/gcc/tricore-elf/13.4.0/../../../../tricore-elf/lib/tc162/libc.a(libc_a-findfp.o) (memset)
/home/melisa/tricore-gcc/bin/../lib/gcc/tricore-elf/13.4.0/../../../../tricore-elf/lib/tc162/libc.a(libc_a-closer.o)
                              /home/melisa/tricore-gcc/bin/../lib/gcc/tricore-elf/13.4.0/../../../../tricore-elf/lib/tc162/libc.a(libc_a-stdio.o) (_close_r)
/home/melisa/tricore-gcc/bin/../lib/gcc/tricore-elf/13.4.0/../../../../tricore-elf/lib/tc162/libc.a(libc_a-reent.o)
                              /home/melisa/tricore-gcc/bin/../lib/gcc/tricore-elf/13.4.0/../../../../tricore-elf/lib/tc162/libc.a(libc_a-closer.o) (errno)
/home/melisa/tricore-gcc/bin/../lib/gcc/tricore-elf/13.4.0/../../../../tricore-elf/lib/tc162/libc.a(libc_a-impure.o)
                              /home/melisa/tricore-gcc/bin/../lib/gcc/tricore-elf/13.4.0/../../../../tricore-elf/lib/tc162/libc.a(libc_a-reent.o) (_impure_ptr)
[...]
Memory Configuration

Name             Origin             Length             Attributes
dsram5_local     0xd0000000         0x00018000         w!x
dsram5           0x10000000         0x00018000         w!x
psram5           0x10100000         0x00010000         w!x
dsram4_local     0xd0000000         0x00018000         w!x
dsram4           0x30000000         0x00018000         w!x
psram4           0x30100000         0x00010000         w!x
dsram3_local     0xd0000000         0x00018000         w!x
dsram3           0x40000000         0x00018000         w!x
psram3           0x40100000         0x00010000         w!x
dsram2_local     0xd0000000         0x00018000         w!x
dsram2           0x50000000         0x00018000         w!x
psram2           0x50100000         0x00010000         w!x
dsram1_local     0xd0000000         0x0003c000         w!x
dsram1           0x60000000         0x0003c000         w!x
psram1           0x60100000         0x00010000         w!x
dsram0_local     0xd0000000         0x0003c000         w!x
dsram0           0x70000000         0x0003c000         w!x
psram0           0x70100000         0x00010000         w!x
psram_local      0xc0000000         0x00010000         w!x
pfls0            0x80000000         0x00300000         xr
pfls0_nc         0xa0000000         0x00300000         xr
pfls1            0x80300000         0x00300000         xr
pfls1_nc         0xa0300000         0x00300000         xr
pfls2            0x80600000         0x00300000         xr
pfls2_nc         0xa0600000         0x00300000         xr
pfls3            0x80900000         0x00300000         xr
pfls3_nc         0xa0900000         0x00300000         xr
pfls4            0x80c00000         0x00300000         xr
pfls4_nc         0xa0c00000         0x00300000         xr
pfls5            0x80f00000         0x00100000         xr
pfls5_nc         0xa0f00000         0x00100000         xr
dfls0            0xaf000000         0x00100000         xr
ucb              0xaf400000         0x00006000         xr
cpu0_dlmu        0x90000000         0x00010000         w!x
cpu0_dlmu_nc     0xb0000000         0x00010000         w!x
cpu1_dlmu        0x90010000         0x00010000         w!x
cpu1_dlmu_nc     0xb0010000         0x00010000         w!x
cpu2_dlmu        0x90020000         0x00010000         w!x
cpu2_dlmu_nc     0xb0020000         0x00010000         w!x
cpu3_dlmu        0x90030000         0x00010000         w!x
cpu3_dlmu_nc     0xb0030000         0x00010000         w!x
lmuram           0x90040000         0x000c0000         w!x
lmuram_nc        0xb0040000         0x000c0000         w!x
cpu4_dlmu        0x90100000         0x00010000         w!x
cpu4_dlmu_nc     0xb0100000         0x00010000         w!x
cpu5_dlmu        0x90110000         0x00010000         w!x
cpu5_dlmu_nc     0xb0110000         0x00010000         w!x
edmem            0x99000000         0x00400000         w!x
edmem_nc         0xb9000000         0x00400000         w!x
*default*        0x00000000         0xffffffff

Linker script and memory map

                0x00000390                        __TRICORE_DERIVATE_MEMORY_MAP__ = 0x390
                0x00002000                        LCF_CSA0_SIZE = 0x2000
                0x00000800                        LCF_USTACK0_SIZE = 0x800
                0x00000400                        LCF_ISTACK0_SIZE = 0x400
                0x00002000                        LCF_CSA1_SIZE = 0x2000
                0x00000800                        LCF_USTACK1_SIZE = 0x800
                0x00000400                        LCF_ISTACK1_SIZE = 0x400
                0x00002000                        LCF_CSA2_SIZE = 0x2000
                0x00000800                        LCF_USTACK2_SIZE = 0x800
                0x00000400                        LCF_ISTACK2_SIZE = 0x400
                0x00002000                        LCF_CSA3_SIZE = 0x2000
                0x00000800                        LCF_USTACK3_SIZE = 0x800
                0x00000400                        LCF_ISTACK3_SIZE = 0x400
                0x00002000                        LCF_CSA4_SIZE = 0x2000
                0x00000800                        LCF_USTACK4_SIZE = 0x800
                0x00000400                        LCF_ISTACK4_SIZE = 0x400
                0x00002000                        LCF_CSA5_SIZE = 0x2000
                0x00000800                        LCF_USTACK5_SIZE = 0x800
                0x00000400                        LCF_ISTACK5_SIZE = 0x400
                0x00001000                        LCF_HEAP_SIZE = 0x1000
                0x10000000                        LCF_DSPR5_START = 0x10000000
                0x00018000                        LCF_DSPR5_SIZE = 0x18000
                0x30000000                        LCF_DSPR4_START = 0x30000000
                0x00018000                        LCF_DSPR4_SIZE = 0x18000
                0x40000000                        LCF_DSPR3_START = 0x40000000
                0x00018000                        LCF_DSPR3_SIZE = 0x18000
                0x50000000                        LCF_DSPR2_START = 0x50000000
                0x00018000                        LCF_DSPR2_SIZE = 0x18000
                0x60000000                        LCF_DSPR1_START = 0x60000000
                0x0003c000                        LCF_DSPR1_SIZE = 0x3c000
                0x70000000                        LCF_DSPR0_START = 0x70000000
                0x0003c000                        LCF_DSPR0_SIZE = 0x3c000
                0x00015c00                        LCF_CSA5_OFFSET = ((LCF_DSPR5_SIZE - 0x400) - LCF_CSA5_SIZE)
                0x00015700                        LCF_ISTACK5_OFFSET = ((LCF_CSA5_OFFSET - 0x100) - LCF_ISTACK5_SIZE)
                0x00014e00                        LCF_USTACK5_OFFSET = ((LCF_ISTACK5_OFFSET - 0x100) - LCF_USTACK5_SIZE)
                0x00015c00                        LCF_CSA4_OFFSET = ((LCF_DSPR4_SIZE - 0x400) - LCF_CSA4_SIZE)
                0x00015700                        LCF_ISTACK4_OFFSET = ((LCF_CSA4_OFFSET - 0x100) - LCF_ISTACK4_SIZE)
                0x00014e00                        LCF_USTACK4_OFFSET = ((LCF_ISTACK4_OFFSET - 0x100) - LCF_USTACK4_SIZE)
                0x00015c00                        LCF_CSA3_OFFSET = ((LCF_DSPR3_SIZE - 0x400) - LCF_CSA3_SIZE)
                0x00015700                        LCF_ISTACK3_OFFSET = ((LCF_CSA3_OFFSET - 0x100) - LCF_ISTACK3_SIZE)
                0x00014e00                        LCF_USTACK3_OFFSET = ((LCF_ISTACK3_OFFSET - 0x100) - LCF_USTACK3_SIZE)
                0x00015c00                        LCF_CSA2_OFFSET = ((LCF_DSPR2_SIZE - 0x400) - LCF_CSA2_SIZE)
                0x00015700                        LCF_ISTACK2_OFFSET = ((LCF_CSA2_OFFSET - 0x100) - LCF_ISTACK2_SIZE)
                0x00014e00                        LCF_USTACK2_OFFSET = ((LCF_ISTACK2_OFFSET - 0x100) - LCF_USTACK2_SIZE)
                0x00039c00                        LCF_CSA1_OFFSET = ((LCF_DSPR1_SIZE - 0x400) - LCF_CSA1_SIZE)
                0x00039700                        LCF_ISTACK1_OFFSET = ((LCF_CSA1_OFFSET - 0x100) - LCF_ISTACK1_SIZE)
                0x00038e00                        LCF_USTACK1_OFFSET = ((LCF_ISTACK1_OFFSET - 0x100) - LCF_USTACK1_SIZE)
                0x00039c00                        LCF_CSA0_OFFSET = ((LCF_DSPR0_SIZE - 0x400) - LCF_CSA0_SIZE)
                0x00039700                        LCF_ISTACK0_OFFSET = ((LCF_CSA0_OFFSET - 0x100) - LCF_ISTACK0_SIZE)
                0x00038e00                        LCF_USTACK0_OFFSET = ((LCF_ISTACK0_OFFSET - 0x100) - LCF_USTACK0_SIZE)
                0x00037e00                        LCF_HEAP0_OFFSET = (LCF_USTACK0_OFFSET - LCF_HEAP_SIZE)
                0x00037e00                        LCF_HEAP1_OFFSET = (LCF_USTACK1_OFFSET - LCF_HEAP_SIZE)
                0x00013e00                        LCF_HEAP2_OFFSET = (LCF_USTACK2_OFFSET - LCF_HEAP_SIZE)
                0x00013e00                        LCF_HEAP3_OFFSET = (LCF_USTACK3_OFFSET - LCF_HEAP_SIZE)
                0x00013e00                        LCF_HEAP4_OFFSET = (LCF_USTACK4_OFFSET - LCF_HEAP_SIZE)
                0x00013e00                        LCF_HEAP5_OFFSET = (LCF_USTACK5_OFFSET - LCF_HEAP_SIZE)
                0x802fe000                        LCF_INTVEC0_START = 0x802fe000
                0x805fe000                        LCF_INTVEC1_START = 0x805fe000
                0x808fe000                        LCF_INTVEC2_START = 0x808fe000
                0x80bfe000                        LCF_INTVEC3_START = 0x80bfe000
                0x80efe000                        LCF_INTVEC4_START = 0x80efe000
                0x80ffe000                        LCF_INTVEC5_START = 0x80ffe000
                0x802fe000                        __INTTAB_CPU0 = LCF_INTVEC0_START
                0x805fe000                        __INTTAB_CPU1 = LCF_INTVEC1_START
                0x808fe000                        __INTTAB_CPU2 = LCF_INTVEC2_START
                0x80bfe000                        __INTTAB_CPU3 = LCF_INTVEC3_START
                0x80efe000                        __INTTAB_CPU4 = LCF_INTVEC4_START
                0x80ffe000                        __INTTAB_CPU5 = LCF_INTVEC5_START
                0x80000100                        LCF_TRAPVEC0_START = 0x80000100
                0x80300000                        LCF_TRAPVEC1_START = 0x80300000
                0x80600000                        LCF_TRAPVEC2_START = 0x80600000
                0x80900000                        LCF_TRAPVEC3_START = 0x80900000
                0x80c00000                        LCF_TRAPVEC4_START = 0x80c00000
                0x80f00000                        LCF_TRAPVEC5_START = 0x80f00000
                0x80000000                        LCF_STARTPTR_CPU0 = 0x80000000
                0x80300100                        LCF_STARTPTR_CPU1 = 0x80300100
                0x80600100                        LCF_STARTPTR_CPU2 = 0x80600100
                0x80900100                        LCF_STARTPTR_CPU3 = 0x80900100
                0x80c00100                        LCF_STARTPTR_CPU4 = 0x80c00100
                0x80f00100                        LCF_STARTPTR_CPU5 = 0x80f00100
                0xa0000000                        LCF_STARTPTR_NC_CPU0 = 0xa0000000
                0xa0300100                        LCF_STARTPTR_NC_CPU1 = 0xa0300100
                0xa0600100                        LCF_STARTPTR_NC_CPU2 = 0xa0600100
                0xa0900100                        LCF_STARTPTR_NC_CPU3 = 0xa0900100
                0xa0c00100                        LCF_STARTPTR_NC_CPU4 = 0xa0c00100
                0xa0f00100                        LCF_STARTPTR_NC_CPU5 = 0xa0f00100
                0xa0000000                        RESET = LCF_STARTPTR_NC_CPU0

.CPU5.ustack    memory region -> *default*
                0x10014e00      0x800
                [!provide]                        PROVIDE (__USTACK5_END = .)
                0x10015600                        . = (. + LCF_USTACK5_SIZE)
 *fill*         0x10014e00      0x800 
                0x10015600                        PROVIDE (__USTACK5 = .)

.CPU5.istack    memory region -> *default*
                0x10015700      0x400
                [!provide]                        PROVIDE (__ISTACK5_END = .)
                0x10015b00                        . = (. + LCF_ISTACK5_SIZE)
 *fill*         0x10015700      0x400 
                0x10015b00                        PROVIDE (__ISTACK5 = .)

.CPU5.csa       memory region -> *default*
                0x10015c00     0x2000
                0x10015c00                        PROVIDE (__CSA5 = .)
                0x10017c00                        . = (. + LCF_CSA5_SIZE)
 *fill*         0x10015c00     0x2000 
                0x10017c00                        PROVIDE (__CSA5_END = .)

.CPU4.ustack    memory region -> *default*
                0x30014e00      0x800
                [!provide]                        PROVIDE (__USTACK4_END = .)
                0x30015600                        . = (. + LCF_USTACK4_SIZE)
 *fill*         0x30014e00      0x800 
                0x30015600                        PROVIDE (__USTACK4 = .)

.CPU4.istack    memory region -> *default*
                0x30015700      0x400
                [!provide]                        PROVIDE (__ISTACK4_END = .)
                0x30015b00                        . = (. + LCF_ISTACK4_SIZE)
 *fill*         0x30015700      0x400 
                0x30015b00                        PROVIDE (__ISTACK4 = .)

.CPU4.csa       memory region -> *default*
                0x30015c00     0x2000
                0x30015c00                        PROVIDE (__CSA4 = .)
                0x30017c00                        . = (. + LCF_CSA4_SIZE)
 *fill*         0x30015c00     0x2000 
                0x30017c00                        PROVIDE (__CSA4_END = .)

.CPU3.ustack    memory region -> *default*
                0x40014e00      0x800
                [!provide]                        PROVIDE (__USTACK3_END = .)
                0x40015600                        . = (. + LCF_USTACK3_SIZE)
 *fill*         0x40014e00      0x800 
                0x40015600                        PROVIDE (__USTACK3 = .)

.CPU3.istack    memory region -> *default*
                0x40015700      0x400
                [!provide]                        PROVIDE (__ISTACK3_END = .)
                0x40015b00                        . = (. + LCF_ISTACK3_SIZE)
 *fill*         0x40015700      0x400 
                0x40015b00                        PROVIDE (__ISTACK3 = .)

.CPU3.csa       memory region -> *default*
                0x40015c00     0x2000
                0x40015c00                        PROVIDE (__CSA3 = .)
                0x40017c00                        . = (. + LCF_CSA3_SIZE)
 *fill*         0x40015c00     0x2000 
                0x40017c00                        PROVIDE (__CSA3_END = .)

.CPU2.ustack    memory region -> *default*
                0x50014e00      0x800
                [!provide]                        PROVIDE (__USTACK2_END = .)
                0x50015600                        . = (. + LCF_USTACK2_SIZE)
 *fill*         0x50014e00      0x800 
                0x50015600                        PROVIDE (__USTACK2 = .)

.CPU2.istack    memory region -> *default*
                0x50015700      0x400
                [!provide]                        PROVIDE (__ISTACK2_END = .)
                0x50015b00                        . = (. + LCF_ISTACK2_SIZE)
 *fill*         0x50015700      0x400 
                0x50015b00                        PROVIDE (__ISTACK2 = .)

.CPU2.csa       memory region -> *default*
                0x50015c00     0x2000
                0x50015c00                        PROVIDE (__CSA2 = .)
                0x50017c00                        . = (. + LCF_CSA2_SIZE)
 *fill*         0x50015c00     0x2000 
                0x50017c00                        PROVIDE (__CSA2_END = .)

.CPU1.ustack    memory region -> *default*
                0x60038e00      0x800
                [!provide]                        PROVIDE (__USTACK1_END = .)
                0x60039600                        . = (. + LCF_USTACK1_SIZE)
 *fill*         0x60038e00      0x800 
                0x60039600                        PROVIDE (__USTACK1 = .)

.CPU1.istack    memory region -> *default*
                0x60039700      0x400
                [!provide]                        PROVIDE (__ISTACK1_END = .)
                0x60039b00                        . = (. + LCF_ISTACK1_SIZE)
 *fill*         0x60039700      0x400 
                0x60039b00                        PROVIDE (__ISTACK1 = .)

.CPU1.csa       memory region -> *default*
                0x60039c00     0x2000
                0x60039c00                        PROVIDE (__CSA1 = .)
                0x6003bc00                        . = (. + LCF_CSA1_SIZE)
 *fill*         0x60039c00     0x2000 
                0x6003bc00                        PROVIDE (__CSA1_END = .)

.CPU0.ustack    memory region -> *default*
                0x70038e00      0x800
                [!provide]                        PROVIDE (__USTACK0_END = .)
                0x70039600                        . = (. + LCF_USTACK0_SIZE)
 *fill*         0x70038e00      0x800 
                0x70039600                        PROVIDE (__USTACK0 = .)

.CPU0.istack    memory region -> *default*
                0x70039700      0x400
                [!provide]                        PROVIDE (__ISTACK0_END = .)
                0x70039b00                        . = (. + LCF_ISTACK0_SIZE)
 *fill*         0x70039700      0x400 
                0x70039b00                        PROVIDE (__ISTACK0 = .)

.CPU0.csa       memory region -> *default*
                0x70039c00     0x2000
                0x70039c00                        PROVIDE (__CSA0 = .)
                0x7003bc00                        . = (. + LCF_CSA0_SIZE)
 *fill*         0x70039c00     0x2000 
                0x7003bc00                        PROVIDE (__CSA0_END = .)

.start_tc0      memory region -> pfls0_nc
                0xa0000000        0xc
 *(.start)
 .start         0xa0000000        0xc ../Configurations/CMakeFiles/configurations.dir/__/Libraries/Infra/Ssw/TC39B/Tricore/Ifx_Ssw_Tc0.c.obj
                0xa0000000                _START
                0xa000000c                _START_end

.interface_const memory region -> pfls0
                0x80000020        0x0
                0x80000020                        __IF_CONST = .
 *(.interface_const)
                [!provide]                        PROVIDE (__START0 = LCF_STARTPTR_NC_CPU0)
                [!provide]                        PROVIDE (__ENABLE_INDIVIDUAL_C_INIT_CPU0 = 0x0)
                [!provide]                        PROVIDE (__ENABLE_INDIVIDUAL_C_INIT_CPU1 = 0x0)
                [!provide]                        PROVIDE (__ENABLE_INDIVIDUAL_C_INIT_CPU2 = 0x0)
                [!provide]                        PROVIDE (__ENABLE_INDIVIDUAL_C_INIT_CPU3 = 0x0)
                [!provide]                        PROVIDE (__ENABLE_INDIVIDUAL_C_INIT_CPU4 = 0x0)
                [!provide]                        PROVIDE (__ENABLE_INDIVIDUAL_C_INIT_CPU5 = 0x0)

.traptab_tc0    memory region -> pfls0
                0x80000100        0x0
                0x80000100                        PROVIDE (__TRAPTAB_CPU0 = .)
 *(.traptab_cpu0)

.traptab_tc1    memory region -> pfls1
                0x80300000        0x0
                0x80300000                        PROVIDE (__TRAPTAB_CPU1 = .)
 *(.traptab_cpu1)

.traptab_tc2    memory region -> pfls2
                0x80600000        0x0
                0x80600000                        PROVIDE (__TRAPTAB_CPU2 = .)
 *(.traptab_cpu2)

.traptab_tc3    memory region -> pfls3
                0x80900000        0x0
                0x80900000                        PROVIDE (__TRAPTAB_CPU3 = .)
 *(.traptab_cpu3)

.traptab_tc4    memory region -> pfls4
                0x80c00000        0x0
                0x80c00000                        PROVIDE (__TRAPTAB_CPU4 = .)
 *(.traptab_cpu4)

.traptab_tc5    memory region -> pfls5
                0x80f00000        0x0
                0x80f00000                        PROVIDE (__TRAPTAB_CPU5 = .)
 *(.traptab_cpu5)

.start_tc1      memory region -> pfls1_nc
                0xa0300100        0xc
 *(.start_cpu1)
 .start_cpu1    0xa0300100        0xc ../Configurations/CMakeFiles/configurations.dir/__/Libraries/Infra/Ssw/TC39B/Tricore/Ifx_Ssw_Tc1.c.obj
                0xa0300100                _START1
                0xa030010c                _START1_end

.start_tc2      memory region -> pfls2_nc
                0xa0600100        0xc
 *(.start_cpu2)
 .start_cpu2    0xa0600100        0xc ../Configurations/CMakeFiles/configurations.dir/__/Libraries/Infra/Ssw/TC39B/Tricore/Ifx_Ssw_Tc2.c.obj
                0xa0600100                _START2
                0xa060010c                _START2_end

.start_tc3      memory region -> pfls3_nc
                0xa0900100        0xc
 *(.start_cpu3)
 .start_cpu3    0xa0900100        0xc ../Configurations/CMakeFiles/configurations.dir/__/Libraries/Infra/Ssw/TC39B/Tricore/Ifx_Ssw_Tc3.c.obj
                0xa0900100                _START3
                0xa090010c                _START3_end

.start_tc4      memory region -> pfls4_nc
                0xa0c00100        0xc
 *(.start_cpu4)
 .start_cpu4    0xa0c00100        0xc ../Configurations/CMakeFiles/configurations.dir/__/Libraries/Infra/Ssw/TC39B/Tricore/Ifx_Ssw_Tc4.c.obj
                0xa0c00100                _START4
                0xa0c0010c                _START4_end

.start_tc5      memory region -> pfls5_nc
                0xa0f00100        0xc
 *(.start_cpu5)
 .start_cpu5    0xa0f00100        0xc ../Configurations/CMakeFiles/configurations.dir/__/Libraries/Infra/Ssw/TC39B/Tricore/Ifx_Ssw_Tc5.c.obj
                0xa0f00100                _START5
                0xa0f0010c                _START5_end
                0xa0300100                        PROVIDE (__START1 = LCF_STARTPTR_NC_CPU1)
                0xa0600100                        PROVIDE (__START2 = LCF_STARTPTR_NC_CPU2)
                0xa0900100                        PROVIDE (__START3 = LCF_STARTPTR_NC_CPU3)
                0xa0c00100                        PROVIDE (__START4 = LCF_STARTPTR_NC_CPU4)
                0xa0f00100                        PROVIDE (__START5 = LCF_STARTPTR_NC_CPU5)

.inttab_tc0_000 memory region -> *default*
                0x802fe000        0x0
                0x802fe000                        . = ALIGN (0x8)
 *(.intvec_tc0_0)

.inttab_tc0_001 memory region -> *default*
                0x802fe020        0x0
                0x802fe020                        . = ALIGN (0x8)
 *(.intvec_tc0_1)

.inttab_tc0_002 memory region -> *default*
                0x802fe040        0x0
                0x802fe040                        . = ALIGN (0x8)
 *(.intvec_tc0_2)

.inttab_tc0_003 memory region -> *default*
                0x802fe060        0x0
                0x802fe060                        . = ALIGN (0x8)
 *(.intvec_tc0_3)

.inttab_tc0_004 memory region -> *default*
                0x802fe080        0x0
                0x802fe080                        . = ALIGN (0x8)
 *(.intvec_tc0_4)

.inttab_tc0_005 memory region -> *default*
                0x802fe0a0        0x0
                0x802fe0a0                        . = ALIGN (0x8)
 *(.intvec_tc0_5)

.inttab_tc0_006 memory region -> *default*
                0x802fe0c0        0x0
                0x802fe0c0                        . = ALIGN (0x8)
 *(.intvec_tc0_6)

.inttab_tc0_007 memory region -> *default*
                0x802fe0e0        0x0
                0x802fe0e0                        . = ALIGN (0x8)
 *(.intvec_tc0_7)

.inttab_tc0_008 memory region -> *default*
                0x802fe100        0x0
                0x802fe100                        . = ALIGN (0x8)
 *(.intvec_tc0_8)

.inttab_tc0_009 memory region -> *default*
                0x802fe120        0x0
                0x802fe120                        . = ALIGN (0x8)
 *(.intvec_tc0_9)

.inttab_tc0_00A memory region -> *default*
                0x802fe140        0x0
                0x802fe140                        . = ALIGN (0x8)
 *(.intvec_tc0_10)

.inttab_tc0_00B memory region -> *default*
                0x802fe160        0x0
                0x802fe160                        . = ALIGN (0x8)
 *(.intvec_tc0_11)

.inttab_tc0_00C memory region -> *default*
                0x802fe180        0x0
                0x802fe180                        . = ALIGN (0x8)
 *(.intvec_tc0_12)

.inttab_tc0_00D memory region -> *default*
                0x802fe1a0        0x0
                0x802fe1a0                        . = ALIGN (0x8)
 *(.intvec_tc0_13)

.inttab_tc0_00E memory region -> *default*
                0x802fe1c0        0x0
                0x802fe1c0                        . = ALIGN (0x8)
 *(.intvec_tc0_14)

.inttab_tc0_00F memory region -> *default*
                0x802fe1e0        0x0
                0x802fe1e0                        . = ALIGN (0x8)
 *(.intvec_tc0_15)

.inttab_tc0_010 memory region -> *default*
                0x802fe200        0x0
                0x802fe200                        . = ALIGN (0x8)
 *(.intvec_tc0_16)

.inttab_tc0_011 memory region -> *default*
                0x802fe220        0x0
                0x802fe220                        . = ALIGN (0x8)
 *(.intvec_tc0_17)

.inttab_tc0_012 memory region -> *default*
                0x802fe240        0x0
                0x802fe240                        . = ALIGN (0x8)
 *(.intvec_tc0_18)

.inttab_tc0_013 memory region -> *default*
                0x802fe260        0x0
                0x802fe260                        . = ALIGN (0x8)
 *(.intvec_tc0_19)

.inttab_tc0_014 memory region -> *default*
                0x802fe280        0x0
                0x802fe280                        . = ALIGN (0x8)
 *(.intvec_tc0_20)

.inttab_tc0_015 memory region -> *default*
                0x802fe2a0        0x0
                0x802fe2a0                        . = ALIGN (0x8)
 *(.intvec_tc0_21)

.inttab_tc0_016 memory region -> *default*
                0x802fe2c0        0x0
                0x802fe2c0                        . = ALIGN (0x8)
 *(.intvec_tc0_22)

.inttab_tc0_017 memory region -> *default*
                0x802fe2e0        0x0
                0x802fe2e0                        . = ALIGN (0x8)
 *(.intvec_tc0_23)

.inttab_tc0_018 memory region -> *default*
                0x802fe300        0x0
                0x802fe300                        . = ALIGN (0x8)
 *(.intvec_tc0_24)

.inttab_tc0_019 memory region -> *default*
                0x802fe320        0x0
                0x802fe320                        . = ALIGN (0x8)
 *(.intvec_tc0_25)

.inttab_tc0_01A memory region -> *default*
                0x802fe340        0x0
                0x802fe340                        . = ALIGN (0x8)
 *(.intvec_tc0_26)

.inttab_tc0_01B memory region -> *default*
                0x802fe360        0x0
                0x802fe360                        . = ALIGN (0x8)
 *(.intvec_tc0_27)

.inttab_tc0_01C memory region -> *default*
                0x802fe380        0x0
                0x802fe380                        . = ALIGN (0x8)
 *(.intvec_tc0_28)

.inttab_tc0_01D memory region -> *default*
                0x802fe3a0        0x0
                0x802fe3a0                        . = ALIGN (0x8)
 *(.intvec_tc0_29)

.inttab_tc0_01E memory region -> *default*
                0x802fe3c0        0x0
                0x802fe3c0                        . = ALIGN (0x8)
 *(.intvec_tc0_30)

.inttab_tc0_01F memory region -> *default*
                0x802fe3e0        0x0
                0x802fe3e0                        . = ALIGN (0x8)
 *(.intvec_tc0_31)

.inttab_tc0_020 memory region -> *default*
                0x802fe400        0x0
                0x802fe400                        . = ALIGN (0x8)
 *(.intvec_tc0_32)

.inttab_tc0_021 memory region -> *default*
                0x802fe420        0x0
                0x802fe420                        . = ALIGN (0x8)
 *(.intvec_tc0_33)

.inttab_tc0_022 memory region -> *default*
                0x802fe440        0x0
                0x802fe440                        . = ALIGN (0x8)
 *(.intvec_tc0_34)

.inttab_tc0_023 memory region -> *default*
                0x802fe460        0x0
                0x802fe460                        . = ALIGN (0x8)
 *(.intvec_tc0_35)

.inttab_tc0_024 memory region -> *default*
                0x802fe480        0x0
                0x802fe480                        . = ALIGN (0x8)
 *(.intvec_tc0_36)

.inttab_tc0_025 memory region -> *default*
                0x802fe4a0        0x0
                0x802fe4a0                        . = ALIGN (0x8)
 *(.intvec_tc0_37)

.inttab_tc0_026 memory region -> *default*
                0x802fe4c0        0x0
                0x802fe4c0                        . = ALIGN (0x8)
 *(.intvec_tc0_38)

.inttab_tc0_027 memory region -> *default*
                0x802fe4e0        0x0
                0x802fe4e0                        . = ALIGN (0x8)
 *(.intvec_tc0_39)

.inttab_tc0_028 memory region -> *default*
                0x802fe500        0x0
                0x802fe500                        . = ALIGN (0x8)
 *(.intvec_tc0_40)

.inttab_tc0_029 memory region -> *default*
                0x802fe520        0x0
                0x802fe520                        . = ALIGN (0x8)
 *(.intvec_tc0_41)

.inttab_tc0_02A memory region -> *default*
                0x802fe540        0x0
                0x802fe540                        . = ALIGN (0x8)
 *(.intvec_tc0_42)

.inttab_tc0_02B memory region -> *default*
                0x802fe560        0x0
                0x802fe560                        . = ALIGN (0x8)
 *(.intvec_tc0_43)

.inttab_tc0_02C memory region -> *default*
                0x802fe580        0x0
                0x802fe580                        . = ALIGN (0x8)
 *(.intvec_tc0_44)

.inttab_tc0_02D memory region -> *default*
                0x802fe5a0        0x0
                0x802fe5a0                        . = ALIGN (0x8)
 *(.intvec_tc0_45)

.inttab_tc0_02E memory region -> *default*
                0x802fe5c0        0x0
                0x802fe5c0                        . = ALIGN (0x8)
 *(.intvec_tc0_46)

.inttab_tc0_02F memory region -> *default*
                0x802fe5e0        0x0
                0x802fe5e0                        . = ALIGN (0x8)
 *(.intvec_tc0_47)

.inttab_tc0_030 memory region -> *default*
                0x802fe600        0x0
                0x802fe600                        . = ALIGN (0x8)
 *(.intvec_tc0_48)

.inttab_tc0_031 memory region -> *default*
                0x802fe620        0x0
                0x802fe620                        . = ALIGN (0x8)
 *(.intvec_tc0_49)

.inttab_tc0_032 memory region -> *default*
                0x802fe640        0x0
                0x802fe640                        . = ALIGN (0x8)
 *(.intvec_tc0_50)

.inttab_tc0_033 memory region -> *default*
                0x802fe660        0x0
                0x802fe660                        . = ALIGN (0x8)
 *(.intvec_tc0_51)

.inttab_tc0_034 memory region -> *default*
                0x802fe680        0x0
                0x802fe680                        . = ALIGN (0x8)
 *(.intvec_tc0_52)

.inttab_tc0_035 memory region -> *default*
                0x802fe6a0        0x0
                0x802fe6a0                        . = ALIGN (0x8)
 *(.intvec_tc0_53)

.inttab_tc0_036 memory region -> *default*
                0x802fe6c0        0x0
                0x802fe6c0                        . = ALIGN (0x8)
 *(.intvec_tc0_54)

.inttab_tc0_037 memory region -> *default*
                0x802fe6e0        0x0
                0x802fe6e0                        . = ALIGN (0x8)
 *(.intvec_tc0_55)

.inttab_tc0_038 memory region -> *default*
                0x802fe700        0x0
                0x802fe700                        . = ALIGN (0x8)
 *(.intvec_tc0_56)

.inttab_tc0_039 memory region -> *default*
                0x802fe720        0x0
                0x802fe720                        . = ALIGN (0x8)
 *(.intvec_tc0_57)

.inttab_tc0_03A memory region -> *default*
                0x802fe740        0x0
                0x802fe740                        . = ALIGN (0x8)
 *(.intvec_tc0_58)

.inttab_tc0_03B memory region -> *default*
                0x802fe760        0x0
                0x802fe760                        . = ALIGN (0x8)
 *(.intvec_tc0_59)

.inttab_tc0_03C memory region -> *default*
                0x802fe780        0x0
                0x802fe780                        . = ALIGN (0x8)
 *(.intvec_tc0_60)

.inttab_tc0_03D memory region -> *default*
                0x802fe7a0        0x0
                0x802fe7a0                        . = ALIGN (0x8)
 *(.intvec_tc0_61)

.inttab_tc0_03E memory region -> *default*
                0x802fe7c0        0x0
                0x802fe7c0                        . = ALIGN (0x8)
 *(.intvec_tc0_62)

.inttab_tc0_03F memory region -> *default*
                0x802fe7e0        0x0
                0x802fe7e0                        . = ALIGN (0x8)
 *(.intvec_tc0_63)

.inttab_tc0_040 memory region -> *default*
                0x802fe800        0x0
                0x802fe800                        . = ALIGN (0x8)
 *(.intvec_tc0_64)

.inttab_tc0_041 memory region -> *default*
                0x802fe820        0x0
                0x802fe820                        . = ALIGN (0x8)
 *(.intvec_tc0_65)

.inttab_tc0_042 memory region -> *default*
                0x802fe840        0x0
                0x802fe840                        . = ALIGN (0x8)
 *(.intvec_tc0_66)

.inttab_tc0_043 memory region -> *default*
                0x802fe860        0x0
                0x802fe860                        . = ALIGN (0x8)
 *(.intvec_tc0_67)

.inttab_tc0_044 memory region -> *default*
                0x802fe880        0x0
                0x802fe880                        . = ALIGN (0x8)
 *(.intvec_tc0_68)

.inttab_tc0_045 memory region -> *default*
                0x802fe8a0        0x0
                0x802fe8a0                        . = ALIGN (0x8)
 *(.intvec_tc0_69)

.inttab_tc0_046 memory region -> *default*
                0x802fe8c0        0x0
                0x802fe8c0                        . = ALIGN (0x8)
 *(.intvec_tc0_70)

.inttab_tc0_047 memory region -> *default*
                0x802fe8e0        0x0
                0x802fe8e0                        . = ALIGN (0x8)
 *(.intvec_tc0_71)

.inttab_tc0_048 memory region -> *default*
                0x802fe900        0x0
                0x802fe900                        . = ALIGN (0x8)
 *(.intvec_tc0_72)

.inttab_tc0_049 memory region -> *default*
                0x802fe920        0x0
                0x802fe920                        . = ALIGN (0x8)
 *(.intvec_tc0_73)

.inttab_tc0_04A memory region -> *default*
                0x802fe940        0x0
                0x802fe940                        . = ALIGN (0x8)
 *(.intvec_tc0_74)

.inttab_tc0_04B memory region -> *default*
                0x802fe960        0x0
                0x802fe960                        . = ALIGN (0x8)
 *(.intvec_tc0_75)

.inttab_tc0_04C memory region -> *default*
                0x802fe980        0x0
                0x802fe980                        . = ALIGN (0x8)
 *(.intvec_tc0_76)

.inttab_tc0_04D memory region -> *default*
                0x802fe9a0        0x0
                0x802fe9a0                        . = ALIGN (0x8)
 *(.intvec_tc0_77)

.inttab_tc0_04E memory region -> *default*
                0x802fe9c0        0x0
                0x802fe9c0                        . = ALIGN (0x8)
 *(.intvec_tc0_78)

.inttab_tc0_04F memory region -> *default*
                0x802fe9e0        0x0
                0x802fe9e0                        . = ALIGN (0x8)
 *(.intvec_tc0_79)

.inttab_tc0_050 memory region -> *default*
                0x802fea00        0x0
                0x802fea00                        . = ALIGN (0x8)
 *(.intvec_tc0_80)

.inttab_tc0_051 memory region -> *default*
                0x802fea20        0x0
                0x802fea20                        . = ALIGN (0x8)
 *(.intvec_tc0_81)

.inttab_tc0_052 memory region -> *default*
                0x802fea40        0x0
                0x802fea40                        . = ALIGN (0x8)
 *(.intvec_tc0_82)

.inttab_tc0_053 memory region -> *default*
                0x802fea60        0x0
                0x802fea60                        . = ALIGN (0x8)
 *(.intvec_tc0_83)

.inttab_tc0_054 memory region -> *default*
                0x802fea80        0x0
                0x802fea80                        . = ALIGN (0x8)
 *(.intvec_tc0_84)

.inttab_tc0_055 memory region -> *default*
                0x802feaa0        0x0
                0x802feaa0                        . = ALIGN (0x8)
 *(.intvec_tc0_85)

.inttab_tc0_056 memory region -> *default*
                0x802feac0        0x0
                0x802feac0                        . = ALIGN (0x8)
 *(.intvec_tc0_86)

.inttab_tc0_057 memory region -> *default*
                0x802feae0        0x0
                0x802feae0                        . = ALIGN (0x8)
 *(.intvec_tc0_87)

.inttab_tc0_058 memory region -> *default*
                0x802feb00        0x0
                0x802feb00                        . = ALIGN (0x8)
 *(.intvec_tc0_88)

.inttab_tc0_059 memory region -> *default*
                0x802feb20        0x0
                0x802feb20                        . = ALIGN (0x8)
 *(.intvec_tc0_89)

.inttab_tc0_05A memory region -> *default*
                0x802feb40        0x0
                0x802feb40                        . = ALIGN (0x8)
 *(.intvec_tc0_90)

.inttab_tc0_05B memory region -> *default*
                0x802feb60        0x0
                0x802feb60                        . = ALIGN (0x8)
 *(.intvec_tc0_91)

.inttab_tc0_05C memory region -> *default*
                0x802feb80        0x0
                0x802feb80                        . = ALIGN (0x8)
 *(.intvec_tc0_92)

.inttab_tc0_05D memory region -> *default*
                0x802feba0        0x0
                0x802feba0                        . = ALIGN (0x8)
 *(.intvec_tc0_93)

.inttab_tc0_05E memory region -> *default*
                0x802febc0        0x0
                0x802febc0                        . = ALIGN (0x8)
 *(.intvec_tc0_94)

.inttab_tc0_05F memory region -> *default*
                0x802febe0        0x0
                0x802febe0                        . = ALIGN (0x8)
 *(.intvec_tc0_95)

.inttab_tc0_060 memory region -> *default*
                0x802fec00        0x0
                0x802fec00                        . = ALIGN (0x8)
 *(.intvec_tc0_96)

.inttab_tc0_061 memory region -> *default*
                0x802fec20        0x0
                0x802fec20                        . = ALIGN (0x8)
 *(.intvec_tc0_97)

.inttab_tc0_062 memory region -> *default*
                0x802fec40        0x0
                0x802fec40                        . = ALIGN (0x8)
 *(.intvec_tc0_98)

.inttab_tc0_063 memory region -> *default*
                0x802fec60        0x0
                0x802fec60                        . = ALIGN (0x8)
 *(.intvec_tc0_99)

.inttab_tc0_064 memory region -> *default*
                0x802fec80        0x0
                0x802fec80                        . = ALIGN (0x8)
 *(.intvec_tc0_100)

.inttab_tc0_065 memory region -> *default*
                0x802feca0        0x0
                0x802feca0                        . = ALIGN (0x8)
 *(.intvec_tc0_101)

.inttab_tc0_066 memory region -> *default*
                0x802fecc0        0x0
                0x802fecc0                        . = ALIGN (0x8)
 *(.intvec_tc0_102)

.inttab_tc0_067 memory region -> *default*
                0x802fece0        0x0
                0x802fece0                        . = ALIGN (0x8)
 *(.intvec_tc0_103)

.inttab_tc0_068 memory region -> *default*
                0x802fed00        0x0
                0x802fed00                        . = ALIGN (0x8)
 *(.intvec_tc0_104)

.inttab_tc0_069 memory region -> *default*
                0x802fed20        0x0
                0x802fed20                        . = ALIGN (0x8)
 *(.intvec_tc0_105)

.inttab_tc0_06A memory region -> *default*
                0x802fed40        0x0
                0x802fed40                        . = ALIGN (0x8)
 *(.intvec_tc0_106)

.inttab_tc0_06B memory region -> *default*
                0x802fed60        0x0
                0x802fed60                        . = ALIGN (0x8)
 *(.intvec_tc0_107)

.inttab_tc0_06C memory region -> *default*
                0x802fed80        0x0
                0x802fed80                        . = ALIGN (0x8)
 *(.intvec_tc0_108)

.inttab_tc0_06D memory region -> *default*
                0x802feda0        0x0
                0x802feda0                        . = ALIGN (0x8)
 *(.intvec_tc0_109)

.inttab_tc0_06E memory region -> *default*
                0x802fedc0        0x0
                0x802fedc0                        . = ALIGN (0x8)
 *(.intvec_tc0_110)

.inttab_tc0_06F memory region -> *default*
                0x802fede0        0x0
                0x802fede0                        . = ALIGN (0x8)
 *(.intvec_tc0_111)

.inttab_tc0_070 memory region -> *default*
                0x802fee00        0x0
                0x802fee00                        . = ALIGN (0x8)
 *(.intvec_tc0_112)

.inttab_tc0_071 memory region -> *default*
                0x802fee20        0x0
                0x802fee20                        . = ALIGN (0x8)
 *(.intvec_tc0_113)

.inttab_tc0_072 memory region -> *default*
                0x802fee40        0x0
                0x802fee40                        . = ALIGN (0x8)
 *(.intvec_tc0_114)

.inttab_tc0_073 memory region -> *default*
                0x802fee60        0x0
                0x802fee60                        . = ALIGN (0x8)
 *(.intvec_tc0_115)

.inttab_tc0_074 memory region -> *default*
                0x802fee80        0x0
                0x802fee80                        . = ALIGN (0x8)
 *(.intvec_tc0_116)

.inttab_tc0_075 memory region -> *default*
                0x802feea0        0x0
                0x802feea0                        . = ALIGN (0x8)
 *(.intvec_tc0_117)

.inttab_tc0_076 memory region -> *default*
                0x802feec0        0x0
                0x802feec0                        . = ALIGN (0x8)
 *(.intvec_tc0_118)

.inttab_tc0_077 memory region -> *default*
                0x802feee0        0x0
                0x802feee0                        . = ALIGN (0x8)
 *(.intvec_tc0_119)

.inttab_tc0_078 memory region -> *default*
                0x802fef00        0x0
                0x802fef00                        . = ALIGN (0x8)
 *(.intvec_tc0_120)

.inttab_tc0_079 memory region -> *default*
                0x802fef20        0x0
                0x802fef20                        . = ALIGN (0x8)
 *(.intvec_tc0_121)

.inttab_tc0_07A memory region -> *default*
                0x802fef40        0x0
                0x802fef40                        . = ALIGN (0x8)
 *(.intvec_tc0_122)

.inttab_tc0_07B memory region -> *default*
                0x802fef60        0x0
                0x802fef60                        . = ALIGN (0x8)
 *(.intvec_tc0_123)

.inttab_tc0_07C memory region -> *default*
                0x802fef80        0x0
                0x802fef80                        . = ALIGN (0x8)
 *(.intvec_tc0_124)

.inttab_tc0_07D memory region -> *default*
                0x802fefa0        0x0
                0x802fefa0                        . = ALIGN (0x8)
 *(.intvec_tc0_125)

.inttab_tc0_07E memory region -> *default*
                0x802fefc0        0x0
                0x802fefc0                        . = ALIGN (0x8)
 *(.intvec_tc0_126)

.inttab_tc0_07F memory region -> *default*
                0x802fefe0        0x0
                0x802fefe0                        . = ALIGN (0x8)
 *(.intvec_tc0_127)

.inttab_tc0_080 memory region -> *default*
                0x802ff000        0x0
                0x802ff000                        . = ALIGN (0x8)
 *(.intvec_tc0_128)

.inttab_tc0_081 memory region -> *default*
                0x802ff020        0x0
                0x802ff020                        . = ALIGN (0x8)
 *(.intvec_tc0_129)

.inttab_tc0_082 memory region -> *default*
                0x802ff040        0x0
                0x802ff040                        . = ALIGN (0x8)
 *(.intvec_tc0_130)

.inttab_tc0_083 memory region -> *default*
                0x802ff060        0x0
                0x802ff060                        . = ALIGN (0x8)
 *(.intvec_tc0_131)

.inttab_tc0_084 memory region -> *default*
                0x802ff080        0x0
                0x802ff080                        . = ALIGN (0x8)
 *(.intvec_tc0_132)

.inttab_tc0_085 memory region -> *default*
                0x802ff0a0        0x0
                0x802ff0a0                        . = ALIGN (0x8)
 *(.intvec_tc0_133)

.inttab_tc0_086 memory region -> *default*
                0x802ff0c0        0x0
                0x802ff0c0                        . = ALIGN (0x8)
 *(.intvec_tc0_134)

.inttab_tc0_087 memory region -> *default*
                0x802ff0e0        0x0
                0x802ff0e0                        . = ALIGN (0x8)
 *(.intvec_tc0_135)

.inttab_tc0_088 memory region -> *default*
                0x802ff100        0x0
                0x802ff100                        . = ALIGN (0x8)
 *(.intvec_tc0_136)

.inttab_tc0_089 memory region -> *default*
                0x802ff120        0x0
                0x802ff120                        . = ALIGN (0x8)
 *(.intvec_tc0_137)

.inttab_tc0_08A memory region -> *default*
                0x802ff140        0x0
                0x802ff140                        . = ALIGN (0x8)
 *(.intvec_tc0_138)

.inttab_tc0_08B memory region -> *default*
                0x802ff160        0x0
                0x802ff160                        . = ALIGN (0x8)
 *(.intvec_tc0_139)

.inttab_tc0_08C memory region -> *default*
                0x802ff180        0x0
                0x802ff180                        . = ALIGN (0x8)
 *(.intvec_tc0_140)

.inttab_tc0_08D memory region -> *default*
                0x802ff1a0        0x0
                0x802ff1a0                        . = ALIGN (0x8)
 *(.intvec_tc0_141)

.inttab_tc0_08E memory region -> *default*
                0x802ff1c0        0x0
                0x802ff1c0                        . = ALIGN (0x8)
 *(.intvec_tc0_142)

.inttab_tc0_08F memory region -> *default*
                0x802ff1e0        0x0
                0x802ff1e0                        . = ALIGN (0x8)
 *(.intvec_tc0_143)

.inttab_tc0_090 memory region -> *default*
                0x802ff200        0x0
                0x802ff200                        . = ALIGN (0x8)
 *(.intvec_tc0_144)

.inttab_tc0_091 memory region -> *default*
                0x802ff220        0x0
                0x802ff220                        . = ALIGN (0x8)
 *(.intvec_tc0_145)

.inttab_tc0_092 memory region -> *default*
                0x802ff240        0x0
                0x802ff240                        . = ALIGN (0x8)
 *(.intvec_tc0_146)

.inttab_tc0_093 memory region -> *default*
                0x802ff260        0x0
                0x802ff260                        . = ALIGN (0x8)
 *(.intvec_tc0_147)

.inttab_tc0_094 memory region -> *default*
                0x802ff280        0x0
                0x802ff280                        . = ALIGN (0x8)
 *(.intvec_tc0_148)

.inttab_tc0_095 memory region -> *default*
                0x802ff2a0        0x0
                0x802ff2a0                        . = ALIGN (0x8)
 *(.intvec_tc0_149)

.inttab_tc0_096 memory region -> *default*
                0x802ff2c0        0x0
                0x802ff2c0                        . = ALIGN (0x8)
 *(.intvec_tc0_150)

.inttab_tc0_097 memory region -> *default*
                0x802ff2e0        0x0
                0x802ff2e0                        . = ALIGN (0x8)
 *(.intvec_tc0_151)

.inttab_tc0_098 memory region -> *default*
                0x802ff300        0x0
                0x802ff300                        . = ALIGN (0x8)
 *(.intvec_tc0_152)

.inttab_tc0_099 memory region -> *default*
                0x802ff320        0x0
                0x802ff320                        . = ALIGN (0x8)
 *(.intvec_tc0_153)

.inttab_tc0_09A memory region -> *default*
                0x802ff340        0x0
                0x802ff340                        . = ALIGN (0x8)
 *(.intvec_tc0_154)

.inttab_tc0_09B memory region -> *default*
                0x802ff360        0x0
                0x802ff360                        . = ALIGN (0x8)
 *(.intvec_tc0_155)

.inttab_tc0_09C memory region -> *default*
                0x802ff380        0x0
                0x802ff380                        . = ALIGN (0x8)
 *(.intvec_tc0_156)

.inttab_tc0_09D memory region -> *default*
                0x802ff3a0        0x0
                0x802ff3a0                        . = ALIGN (0x8)
 *(.intvec_tc0_157)

.inttab_tc0_09E memory region -> *default*
                0x802ff3c0        0x0
                0x802ff3c0                        . = ALIGN (0x8)
 *(.intvec_tc0_158)

.inttab_tc0_09F memory region -> *default*
                0x802ff3e0        0x0
                0x802ff3e0                        . = ALIGN (0x8)
 *(.intvec_tc0_159)

.inttab_tc0_0A0 memory region -> *default*
                0x802ff400        0x0
                0x802ff400                        . = ALIGN (0x8)
 *(.intvec_tc0_160)

.inttab_tc0_0A1 memory region -> *default*
                0x802ff420        0x0
                0x802ff420                        . = ALIGN (0x8)
 *(.intvec_tc0_161)

.inttab_tc0_0A2 memory region -> *default*
                0x802ff440        0x0
                0x802ff440                        . = ALIGN (0x8)
 *(.intvec_tc0_162)

.inttab_tc0_0A3 memory region -> *default*
                0x802ff460        0x0
                0x802ff460                        . = ALIGN (0x8)
 *(.intvec_tc0_163)

.inttab_tc0_0A4 memory region -> *default*
                0x802ff480        0x0
                0x802ff480                        . = ALIGN (0x8)
 *(.intvec_tc0_164)

.inttab_tc0_0A5 memory region -> *default*
                0x802ff4a0        0x0
                0x802ff4a0                        . = ALIGN (0x8)
 *(.intvec_tc0_165)

.inttab_tc0_0A6 memory region -> *default*
                0x802ff4c0        0x0
                0x802ff4c0                        . = ALIGN (0x8)
 *(.intvec_tc0_166)

.inttab_tc0_0A7 memory region -> *default*
                0x802ff4e0        0x0
                0x802ff4e0                        . = ALIGN (0x8)
 *(.intvec_tc0_167)

.inttab_tc0_0A8 memory region -> *default*
                0x802ff500        0x0
                0x802ff500                        . = ALIGN (0x8)
 *(.intvec_tc0_168)

.inttab_tc0_0A9 memory region -> *default*
                0x802ff520        0x0
                0x802ff520                        . = ALIGN (0x8)
 *(.intvec_tc0_169)

.inttab_tc0_0AA memory region -> *default*
                0x802ff540        0x0
                0x802ff540                        . = ALIGN (0x8)
 *(.intvec_tc0_170)

.inttab_tc0_0AB memory region -> *default*
                0x802ff560        0x0
                0x802ff560                        . = ALIGN (0x8)
 *(.intvec_tc0_171)

.inttab_tc0_0AC memory region -> *default*
                0x802ff580        0x0
                0x802ff580                        . = ALIGN (0x8)
 *(.intvec_tc0_172)

.inttab_tc0_0AD memory region -> *default*
                0x802ff5a0        0x0
                0x802ff5a0                        . = ALIGN (0x8)
 *(.intvec_tc0_173)

.inttab_tc0_0AE memory region -> *default*
                0x802ff5c0        0x0
                0x802ff5c0                        . = ALIGN (0x8)
 *(.intvec_tc0_174)

.inttab_tc0_0AF memory region -> *default*
                0x802ff5e0        0x0
                0x802ff5e0                        . = ALIGN (0x8)
 *(.intvec_tc0_175)

.inttab_tc0_0B0 memory region -> *default*
                0x802ff600        0x0
                0x802ff600                        . = ALIGN (0x8)
 *(.intvec_tc0_176)

.inttab_tc0_0B1 memory region -> *default*
                0x802ff620        0x0
                0x802ff620                        . = ALIGN (0x8)
 *(.intvec_tc0_177)

.inttab_tc0_0B2 memory region -> *default*
                0x802ff640        0x0
                0x802ff640                        . = ALIGN (0x8)
 *(.intvec_tc0_178)

.inttab_tc0_0B3 memory region -> *default*
                0x802ff660        0x0
                0x802ff660                        . = ALIGN (0x8)
 *(.intvec_tc0_179)

.inttab_tc0_0B4 memory region -> *default*
                0x802ff680        0x0
                0x802ff680                        . = ALIGN (0x8)
 *(.intvec_tc0_180)

.inttab_tc0_0B5 memory region -> *default*
                0x802ff6a0        0x0
                0x802ff6a0                        . = ALIGN (0x8)
 *(.intvec_tc0_181)

.inttab_tc0_0B6 memory region -> *default*
                0x802ff6c0        0x0
                0x802ff6c0                        . = ALIGN (0x8)
 *(.intvec_tc0_182)

.inttab_tc0_0B7 memory region -> *default*
                0x802ff6e0        0x0
                0x802ff6e0                        . = ALIGN (0x8)
 *(.intvec_tc0_183)

.inttab_tc0_0B8 memory region -> *default*
                0x802ff700        0x0
                0x802ff700                        . = ALIGN (0x8)
 *(.intvec_tc0_184)

.inttab_tc0_0B9 memory region -> *default*
                0x802ff720        0x0
                0x802ff720                        . = ALIGN (0x8)
 *(.intvec_tc0_185)

.inttab_tc0_0BA memory region -> *default*
                0x802ff740        0x0
                0x802ff740                        . = ALIGN (0x8)
 *(.intvec_tc0_186)

.inttab_tc0_0BB memory region -> *default*
                0x802ff760        0x0
                0x802ff760                        . = ALIGN (0x8)
 *(.intvec_tc0_187)

.inttab_tc0_0BC memory region -> *default*
                0x802ff780        0x0
                0x802ff780                        . = ALIGN (0x8)
 *(.intvec_tc0_188)

.inttab_tc0_0BD memory region -> *default*
                0x802ff7a0        0x0
                0x802ff7a0                        . = ALIGN (0x8)
 *(.intvec_tc0_189)

.inttab_tc0_0BE memory region -> *default*
                0x802ff7c0        0x0
                0x802ff7c0                        . = ALIGN (0x8)
 *(.intvec_tc0_190)

.inttab_tc0_0BF memory region -> *default*
                0x802ff7e0        0x0
                0x802ff7e0                        . = ALIGN (0x8)
 *(.intvec_tc0_191)

.inttab_tc0_0C0 memory region -> *default*
                0x802ff800        0x0
                0x802ff800                        . = ALIGN (0x8)
 *(.intvec_tc0_192)

.inttab_tc0_0C1 memory region -> *default*
                0x802ff820        0x0
                0x802ff820                        . = ALIGN (0x8)
 *(.intvec_tc0_193)

.inttab_tc0_0C2 memory region -> *default*
                0x802ff840        0x0
                0x802ff840                        . = ALIGN (0x8)
 *(.intvec_tc0_194)

.inttab_tc0_0C3 memory region -> *default*
                0x802ff860        0x0
                0x802ff860                        . = ALIGN (0x8)
 *(.intvec_tc0_195)

.inttab_tc0_0C4 memory region -> *default*
                0x802ff880        0x0
                0x802ff880                        . = ALIGN (0x8)
 *(.intvec_tc0_196)

.inttab_tc0_0C5 memory region -> *default*
                0x802ff8a0        0x0
                0x802ff8a0                        . = ALIGN (0x8)
 *(.intvec_tc0_197)

.inttab_tc0_0C6 memory region -> *default*
                0x802ff8c0        0x0
                0x802ff8c0                        . = ALIGN (0x8)
 *(.intvec_tc0_198)

.inttab_tc0_0C7 memory region -> *default*
                0x802ff8e0        0x0
                0x802ff8e0                        . = ALIGN (0x8)
 *(.intvec_tc0_199)

.inttab_tc0_0C8 memory region -> *default*
                0x802ff900        0x0
                0x802ff900                        . = ALIGN (0x8)
 *(.intvec_tc0_200)

.inttab_tc0_0C9 memory region -> *default*
                0x802ff920        0x0
                0x802ff920                        . = ALIGN (0x8)
 *(.intvec_tc0_201)

.inttab_tc0_0CA memory region -> *default*
                0x802ff940        0x0
                0x802ff940                        . = ALIGN (0x8)
 *(.intvec_tc0_202)

.inttab_tc0_0CB memory region -> *default*
                0x802ff960        0x0
                0x802ff960                        . = ALIGN (0x8)
 *(.intvec_tc0_203)

.inttab_tc0_0CC memory region -> *default*
                0x802ff980        0x0
                0x802ff980                        . = ALIGN (0x8)
 *(.intvec_tc0_204)

.inttab_tc0_0CD memory region -> *default*
                0x802ff9a0        0x0
                0x802ff9a0                        . = ALIGN (0x8)
 *(.intvec_tc0_205)

.inttab_tc0_0CE memory region -> *default*
                0x802ff9c0        0x0
                0x802ff9c0                        . = ALIGN (0x8)
 *(.intvec_tc0_206)

.inttab_tc0_0CF memory region -> *default*
                0x802ff9e0        0x0
                0x802ff9e0                        . = ALIGN (0x8)
 *(.intvec_tc0_207)

.inttab_tc0_0D0 memory region -> *default*
                0x802ffa00        0x0
                0x802ffa00                        . = ALIGN (0x8)
 *(.intvec_tc0_208)

.inttab_tc0_0D1 memory region -> *default*
                0x802ffa20        0x0
                0x802ffa20                        . = ALIGN (0x8)
 *(.intvec_tc0_209)

.inttab_tc0_0D2 memory region -> *default*
                0x802ffa40        0x0
                0x802ffa40                        . = ALIGN (0x8)
 *(.intvec_tc0_210)

.inttab_tc0_0D3 memory region -> *default*
                0x802ffa60        0x0
                0x802ffa60                        . = ALIGN (0x8)
 *(.intvec_tc0_211)

.inttab_tc0_0D4 memory region -> *default*
                0x802ffa80        0x0
                0x802ffa80                        . = ALIGN (0x8)
 *(.intvec_tc0_212)

.inttab_tc0_0D5 memory region -> *default*
                0x802ffaa0        0x0
                0x802ffaa0                        . = ALIGN (0x8)
 *(.intvec_tc0_213)

.inttab_tc0_0D6 memory region -> *default*
                0x802ffac0        0x0
                0x802ffac0                        . = ALIGN (0x8)
 *(.intvec_tc0_214)

.inttab_tc0_0D7 memory region -> *default*
                0x802ffae0        0x0
                0x802ffae0                        . = ALIGN (0x8)
 *(.intvec_tc0_215)

.inttab_tc0_0D8 memory region -> *default*
                0x802ffb00        0x0
                0x802ffb00                        . = ALIGN (0x8)
 *(.intvec_tc0_216)

.inttab_tc0_0D9 memory region -> *default*
                0x802ffb20        0x0
                0x802ffb20                        . = ALIGN (0x8)
 *(.intvec_tc0_217)

.inttab_tc0_0DA memory region -> *default*
                0x802ffb40        0x0
                0x802ffb40                        . = ALIGN (0x8)
 *(.intvec_tc0_218)

.inttab_tc0_0DB memory region -> *default*
                0x802ffb60        0x0
                0x802ffb60                        . = ALIGN (0x8)
 *(.intvec_tc0_219)

.inttab_tc0_0DC memory region -> *default*
                0x802ffb80        0x0
                0x802ffb80                        . = ALIGN (0x8)
 *(.intvec_tc0_220)

.inttab_tc0_0DD memory region -> *default*
                0x802ffba0        0x0
                0x802ffba0                        . = ALIGN (0x8)
 *(.intvec_tc0_221)

.inttab_tc0_0DE memory region -> *default*
                0x802ffbc0        0x0
                0x802ffbc0                        . = ALIGN (0x8)
 *(.intvec_tc0_222)

.inttab_tc0_0DF memory region -> *default*
                0x802ffbe0        0x0
                0x802ffbe0                        . = ALIGN (0x8)
 *(.intvec_tc0_223)

.inttab_tc0_0E0 memory region -> *default*
                0x802ffc00        0x0
                0x802ffc00                        . = ALIGN (0x8)
 *(.intvec_tc0_224)

.inttab_tc0_0E1 memory region -> *default*
                0x802ffc20        0x0
                0x802ffc20                        . = ALIGN (0x8)
 *(.intvec_tc0_225)

.inttab_tc0_0E2 memory region -> *default*
                0x802ffc40        0x0
                0x802ffc40                        . = ALIGN (0x8)
 *(.intvec_tc0_226)

.inttab_tc0_0E3 memory region -> *default*
                0x802ffc60        0x0
                0x802ffc60                        . = ALIGN (0x8)
 *(.intvec_tc0_227)

.inttab_tc0_0E4 memory region -> *default*
                0x802ffc80        0x0
                0x802ffc80                        . = ALIGN (0x8)
 *(.intvec_tc0_228)

.inttab_tc0_0E5 memory region -> *default*
                0x802ffca0        0x0
                0x802ffca0                        . = ALIGN (0x8)
 *(.intvec_tc0_229)

.inttab_tc0_0E6 memory region -> *default*
                0x802ffcc0        0x0
                0x802ffcc0                        . = ALIGN (0x8)
 *(.intvec_tc0_230)

.inttab_tc0_0E7 memory region -> *default*
                0x802ffce0        0x0
                0x802ffce0                        . = ALIGN (0x8)
 *(.intvec_tc0_231)

.inttab_tc0_0E8 memory region -> *default*
                0x802ffd00        0x0
                0x802ffd00                        . = ALIGN (0x8)
 *(.intvec_tc0_232)

.inttab_tc0_0E9 memory region -> *default*
                0x802ffd20        0x0
                0x802ffd20                        . = ALIGN (0x8)
 *(.intvec_tc0_233)

.inttab_tc0_0EA memory region -> *default*
                0x802ffd40        0x0
                0x802ffd40                        . = ALIGN (0x8)
 *(.intvec_tc0_234)

.inttab_tc0_0EB memory region -> *default*
                0x802ffd60        0x0
                0x802ffd60                        . = ALIGN (0x8)
 *(.intvec_tc0_235)

.inttab_tc0_0EC memory region -> *default*
                0x802ffd80        0x0
                0x802ffd80                        . = ALIGN (0x8)
 *(.intvec_tc0_236)

.inttab_tc0_0ED memory region -> *default*
                0x802ffda0        0x0
                0x802ffda0                        . = ALIGN (0x8)
 *(.intvec_tc0_237)

.inttab_tc0_0EE memory region -> *default*
                0x802ffdc0        0x0
                0x802ffdc0                        . = ALIGN (0x8)
 *(.intvec_tc0_238)

.inttab_tc0_0EF memory region -> *default*
                0x802ffde0        0x0
                0x802ffde0                        . = ALIGN (0x8)
 *(.intvec_tc0_239)

.inttab_tc0_0F0 memory region -> *default*
                0x802ffe00        0x0
                0x802ffe00                        . = ALIGN (0x8)
 *(.intvec_tc0_240)

.inttab_tc0_0F1 memory region -> *default*
                0x802ffe20        0x0
                0x802ffe20                        . = ALIGN (0x8)
 *(.intvec_tc0_241)

.inttab_tc0_0F2 memory region -> *default*
                0x802ffe40        0x0
                0x802ffe40                        . = ALIGN (0x8)
 *(.intvec_tc0_242)

.inttab_tc0_0F3 memory region -> *default*
                0x802ffe60        0x0
                0x802ffe60                        . = ALIGN (0x8)
 *(.intvec_tc0_243)

.inttab_tc0_0F4 memory region -> *default*
                0x802ffe80        0x0
                0x802ffe80                        . = ALIGN (0x8)
 *(.intvec_tc0_244)

.inttab_tc0_0F5 memory region -> *default*
                0x802ffea0        0x0
                0x802ffea0                        . = ALIGN (0x8)
 *(.intvec_tc0_245)

.inttab_tc0_0F6 memory region -> *default*
                0x802ffec0        0x0
                0x802ffec0                        . = ALIGN (0x8)
 *(.intvec_tc0_246)

.inttab_tc0_0F7 memory region -> *default*
                0x802ffee0        0x0
                0x802ffee0                        . = ALIGN (0x8)
 *(.intvec_tc0_247)

.inttab_tc0_0F8 memory region -> *default*
                0x802fff00        0x0
                0x802fff00                        . = ALIGN (0x8)
 *(.intvec_tc0_248)

.inttab_tc0_0F9 memory region -> *default*
                0x802fff20        0x0
                0x802fff20                        . = ALIGN (0x8)
 *(.intvec_tc0_249)

.inttab_tc0_0FA memory region -> *default*
                0x802fff40        0x0
                0x802fff40                        . = ALIGN (0x8)
 *(.intvec_tc0_250)

.inttab_tc0_0FB memory region -> *default*
                0x802fff60        0x0
                0x802fff60                        . = ALIGN (0x8)
 *(.intvec_tc0_251)

.inttab_tc0_0FC memory region -> *default*
                0x802fff80        0x0
                0x802fff80                        . = ALIGN (0x8)
 *(.intvec_tc0_252)

.inttab_tc0_0FD memory region -> *default*
                0x802fffa0        0x0
                0x802fffa0                        . = ALIGN (0x8)
 *(.intvec_tc0_253)

.inttab_tc0_0FE memory region -> *default*
                0x802fffc0        0x0
                0x802fffc0                        . = ALIGN (0x8)
 *(.intvec_tc0_254)

.inttab_tc0_0FF memory region -> *default*
                0x802fffe0        0x0
                0x802fffe0                        . = ALIGN (0x8)
 *(.intvec_tc0_255)

.inttab_tc1_000 memory region -> *default*
                0x805fe000        0x0
                0x805fe000                        . = ALIGN (0x8)
 *(.intvec_tc1_0)

.inttab_tc1_001 memory region -> *default*
                0x805fe020        0x0
                0x805fe020                        . = ALIGN (0x8)
 *(.intvec_tc1_1)

.inttab_tc1_002 memory region -> *default*
                0x805fe040        0x0
                0x805fe040                        . = ALIGN (0x8)
 *(.intvec_tc1_2)

.inttab_tc1_003 memory region -> *default*
                0x805fe060        0x0
                0x805fe060                        . = ALIGN (0x8)
 *(.intvec_tc1_3)

.inttab_tc1_004 memory region -> *default*
                0x805fe080        0x0
                0x805fe080                        . = ALIGN (0x8)
 *(.intvec_tc1_4)

.inttab_tc1_005 memory region -> *default*
                0x805fe0a0        0x0
                0x805fe0a0                        . = ALIGN (0x8)
 *(.intvec_tc1_5)

.inttab_tc1_006 memory region -> *default*
                0x805fe0c0        0x0
                0x805fe0c0                        . = ALIGN (0x8)
 *(.intvec_tc1_6)

.inttab_tc1_007 memory region -> *default*
                0x805fe0e0        0x0
                0x805fe0e0                        . = ALIGN (0x8)
 *(.intvec_tc1_7)

.inttab_tc1_008 memory region -> *default*
                0x805fe100        0x0
                0x805fe100                        . = ALIGN (0x8)
 *(.intvec_tc1_8)

.inttab_tc1_009 memory region -> *default*
                0x805fe120        0x0
                0x805fe120                        . = ALIGN (0x8)
 *(.intvec_tc1_9)

.inttab_tc1_00A memory region -> *default*
                0x805fe140        0x0
                0x805fe140                        . = ALIGN (0x8)
 *(.intvec_tc1_10)

.inttab_tc1_00B memory region -> *default*
                0x805fe160        0x0
                0x805fe160                        . = ALIGN (0x8)
 *(.intvec_tc1_11)

.inttab_tc1_00C memory region -> *default*
                0x805fe180        0x0
                0x805fe180                        . = ALIGN (0x8)
 *(.intvec_tc1_12)

.inttab_tc1_00D memory region -> *default*
                0x805fe1a0        0x0
                0x805fe1a0                        . = ALIGN (0x8)
 *(.intvec_tc1_13)

.inttab_tc1_00E memory region -> *default*
                0x805fe1c0        0x0
                0x805fe1c0                        . = ALIGN (0x8)
 *(.intvec_tc1_14)

.inttab_tc1_00F memory region -> *default*
                0x805fe1e0        0x0
                0x805fe1e0                        . = ALIGN (0x8)
 *(.intvec_tc1_15)

.inttab_tc1_010 memory region -> *default*
                0x805fe200        0x0
                0x805fe200                        . = ALIGN (0x8)
 *(.intvec_tc1_16)

.inttab_tc1_011 memory region -> *default*
                0x805fe220        0x0
                0x805fe220                        . = ALIGN (0x8)
 *(.intvec_tc1_17)

.inttab_tc1_012 memory region -> *default*
                0x805fe240        0x0
                0x805fe240                        . = ALIGN (0x8)
 *(.intvec_tc1_18)

.inttab_tc1_013 memory region -> *default*
                0x805fe260        0x0
                0x805fe260                        . = ALIGN (0x8)
 *(.intvec_tc1_19)

.inttab_tc1_014 memory region -> *default*
                0x805fe280        0x0
                0x805fe280                        . = ALIGN (0x8)
 *(.intvec_tc1_20)

.inttab_tc1_015 memory region -> *default*
                0x805fe2a0        0x0
                0x805fe2a0                        . = ALIGN (0x8)
 *(.intvec_tc1_21)

.inttab_tc1_016 memory region -> *default*
                0x805fe2c0        0x0
                0x805fe2c0                        . = ALIGN (0x8)
 *(.intvec_tc1_22)

.inttab_tc1_017 memory region -> *default*
                0x805fe2e0        0x0
                0x805fe2e0                        . = ALIGN (0x8)
 *(.intvec_tc1_23)

.inttab_tc1_018 memory region -> *default*
                0x805fe300        0x0
                0x805fe300                        . = ALIGN (0x8)
 *(.intvec_tc1_24)

.inttab_tc1_019 memory region -> *default*
                0x805fe320        0x0
                0x805fe320                        . = ALIGN (0x8)
 *(.intvec_tc1_25)

.inttab_tc1_01A memory region -> *default*
                0x805fe340        0x0
                0x805fe340                        . = ALIGN (0x8)
 *(.intvec_tc1_26)

.inttab_tc1_01B memory region -> *default*
                0x805fe360        0x0
                0x805fe360                        . = ALIGN (0x8)
 *(.intvec_tc1_27)

.inttab_tc1_01C memory region -> *default*
                0x805fe380        0x0
                0x805fe380                        . = ALIGN (0x8)
 *(.intvec_tc1_28)

.inttab_tc1_01D memory region -> *default*
                0x805fe3a0        0x0
                0x805fe3a0                        . = ALIGN (0x8)
 *(.intvec_tc1_29)

.inttab_tc1_01E memory region -> *default*
                0x805fe3c0        0x0
                0x805fe3c0                        . = ALIGN (0x8)
 *(.intvec_tc1_30)

.inttab_tc1_01F memory region -> *default*
                0x805fe3e0        0x0
                0x805fe3e0                        . = ALIGN (0x8)
 *(.intvec_tc1_31)

.inttab_tc1_020 memory region -> *default*
                0x805fe400        0x0
                0x805fe400                        . = ALIGN (0x8)
 *(.intvec_tc1_32)

.inttab_tc1_021 memory region -> *default*
                0x805fe420        0x0
                0x805fe420                        . = ALIGN (0x8)
 *(.intvec_tc1_33)

.inttab_tc1_022 memory region -> *default*
                0x805fe440        0x0
                0x805fe440                        . = ALIGN (0x8)
 *(.intvec_tc1_34)

.inttab_tc1_023 memory region -> *default*
                0x805fe460        0x0
                0x805fe460                        . = ALIGN (0x8)
 *(.intvec_tc1_35)

.inttab_tc1_024 memory region -> *default*
                0x805fe480        0x0
                0x805fe480                        . = ALIGN (0x8)
 *(.intvec_tc1_36)

.inttab_tc1_025 memory region -> *default*
                0x805fe4a0        0x0
                0x805fe4a0                        . = ALIGN (0x8)
 *(.intvec_tc1_37)

.inttab_tc1_026 memory region -> *default*
                0x805fe4c0        0x0
                0x805fe4c0                        . = ALIGN (0x8)
 *(.intvec_tc1_38)

.inttab_tc1_027 memory region -> *default*
                0x805fe4e0        0x0
                0x805fe4e0                        . = ALIGN (0x8)
 *(.intvec_tc1_39)

.inttab_tc1_028 memory region -> *default*
                0x805fe500        0x0
                0x805fe500                        . = ALIGN (0x8)
 *(.intvec_tc1_40)

.inttab_tc1_029 memory region -> *default*
                0x805fe520        0x0
                0x805fe520                        . = ALIGN (0x8)
 *(.intvec_tc1_41)

.inttab_tc1_02A memory region -> *default*
                0x805fe540        0x0
                0x805fe540                        . = ALIGN (0x8)
 *(.intvec_tc1_42)

.inttab_tc1_02B memory region -> *default*
                0x805fe560        0x0
                0x805fe560                        . = ALIGN (0x8)
 *(.intvec_tc1_43)

.inttab_tc1_02C memory region -> *default*
                0x805fe580        0x0
                0x805fe580                        . = ALIGN (0x8)
 *(.intvec_tc1_44)

.inttab_tc1_02D memory region -> *default*
                0x805fe5a0        0x0
                0x805fe5a0                        . = ALIGN (0x8)
 *(.intvec_tc1_45)

.inttab_tc1_02E memory region -> *default*
                0x805fe5c0        0x0
                0x805fe5c0                        . = ALIGN (0x8)
 *(.intvec_tc1_46)

.inttab_tc1_02F memory region -> *default*
                0x805fe5e0        0x0
                0x805fe5e0                        . = ALIGN (0x8)
 *(.intvec_tc1_47)

.inttab_tc1_030 memory region -> *default*
                0x805fe600        0x0
                0x805fe600                        . = ALIGN (0x8)
 *(.intvec_tc1_48)

.inttab_tc1_031 memory region -> *default*
                0x805fe620        0x0
                0x805fe620                        . = ALIGN (0x8)
 *(.intvec_tc1_49)

.inttab_tc1_032 memory region -> *default*
                0x805fe640        0x0
                0x805fe640                        . = ALIGN (0x8)
 *(.intvec_tc1_50)

.inttab_tc1_033 memory region -> *default*
                0x805fe660        0x0
                0x805fe660                        . = ALIGN (0x8)
 *(.intvec_tc1_51)

.inttab_tc1_034 memory region -> *default*
                0x805fe680        0x0
                0x805fe680                        . = ALIGN (0x8)
 *(.intvec_tc1_52)

.inttab_tc1_035 memory region -> *default*
                0x805fe6a0        0x0
                0x805fe6a0                        . = ALIGN (0x8)
 *(.intvec_tc1_53)

.inttab_tc1_036 memory region -> *default*
                0x805fe6c0        0x0
                0x805fe6c0                        . = ALIGN (0x8)
 *(.intvec_tc1_54)

.inttab_tc1_037 memory region -> *default*
                0x805fe6e0        0x0
                0x805fe6e0                        . = ALIGN (0x8)
 *(.intvec_tc1_55)

.inttab_tc1_038 memory region -> *default*
                0x805fe700        0x0
                0x805fe700                        . = ALIGN (0x8)
 *(.intvec_tc1_56)

.inttab_tc1_039 memory region -> *default*
                0x805fe720        0x0
                0x805fe720                        . = ALIGN (0x8)
 *(.intvec_tc1_57)

.inttab_tc1_03A memory region -> *default*
                0x805fe740        0x0
                0x805fe740                        . = ALIGN (0x8)
 *(.intvec_tc1_58)

.inttab_tc1_03B memory region -> *default*
                0x805fe760        0x0
                0x805fe760                        . = ALIGN (0x8)
 *(.intvec_tc1_59)

.inttab_tc1_03C memory region -> *default*
                0x805fe780        0x0
                0x805fe780                        . = ALIGN (0x8)
 *(.intvec_tc1_60)

.inttab_tc1_03D memory region -> *default*
                0x805fe7a0        0x0
                0x805fe7a0                        . = ALIGN (0x8)
 *(.intvec_tc1_61)

.inttab_tc1_03E memory region -> *default*
                0x805fe7c0        0x0
                0x805fe7c0                        . = ALIGN (0x8)
 *(.intvec_tc1_62)

.inttab_tc1_03F memory region -> *default*
                0x805fe7e0        0x0
                0x805fe7e0                        . = ALIGN (0x8)
 *(.intvec_tc1_63)

.inttab_tc1_040 memory region -> *default*
                0x805fe800        0x0
                0x805fe800                        . = ALIGN (0x8)
 *(.intvec_tc1_64)

.inttab_tc1_041 memory region -> *default*
                0x805fe820        0x0
                0x805fe820                        . = ALIGN (0x8)
 *(.intvec_tc1_65)

.inttab_tc1_042 memory region -> *default*
                0x805fe840        0x0
                0x805fe840                        . = ALIGN (0x8)
 *(.intvec_tc1_66)

.inttab_tc1_043 memory region -> *default*
                0x805fe860        0x0
                0x805fe860                        . = ALIGN (0x8)
 *(.intvec_tc1_67)

.inttab_tc1_044 memory region -> *default*
                0x805fe880        0x0
                0x805fe880                        . = ALIGN (0x8)
 *(.intvec_tc1_68)

.inttab_tc1_045 memory region -> *default*
                0x805fe8a0        0x0
                0x805fe8a0                        . = ALIGN (0x8)
 *(.intvec_tc1_69)

.inttab_tc1_046 memory region -> *default*
                0x805fe8c0        0x0
                0x805fe8c0                        . = ALIGN (0x8)
 *(.intvec_tc1_70)

.inttab_tc1_047 memory region -> *default*
                0x805fe8e0        0x0
                0x805fe8e0                        . = ALIGN (0x8)
 *(.intvec_tc1_71)

.inttab_tc1_048 memory region -> *default*
                0x805fe900        0x0
                0x805fe900                        . = ALIGN (0x8)
 *(.intvec_tc1_72)

.inttab_tc1_049 memory region -> *default*
                0x805fe920        0x0
                0x805fe920                        . = ALIGN (0x8)
 *(.intvec_tc1_73)

.inttab_tc1_04A memory region -> *default*
                0x805fe940        0x0
                0x805fe940                        . = ALIGN (0x8)
 *(.intvec_tc1_74)

.inttab_tc1_04B memory region -> *default*
                0x805fe960        0x0
                0x805fe960                        . = ALIGN (0x8)
 *(.intvec_tc1_75)

.inttab_tc1_04C memory region -> *default*
                0x805fe980        0x0
                0x805fe980                        . = ALIGN (0x8)
 *(.intvec_tc1_76)

.inttab_tc1_04D memory region -> *default*
                0x805fe9a0        0x0
                0x805fe9a0                        . = ALIGN (0x8)
 *(.intvec_tc1_77)

.inttab_tc1_04E memory region -> *default*
                0x805fe9c0        0x0
                0x805fe9c0                        . = ALIGN (0x8)
 *(.intvec_tc1_78)

.inttab_tc1_04F memory region -> *default*
                0x805fe9e0        0x0
                0x805fe9e0                        . = ALIGN (0x8)
 *(.intvec_tc1_79)

.inttab_tc1_050 memory region -> *default*
                0x805fea00        0x0
                0x805fea00                        . = ALIGN (0x8)
 *(.intvec_tc1_80)

.inttab_tc1_051 memory region -> *default*
                0x805fea20        0x0
                0x805fea20                        . = ALIGN (0x8)
 *(.intvec_tc1_81)

.inttab_tc1_052 memory region -> *default*
                0x805fea40        0x0
                0x805fea40                        . = ALIGN (0x8)
 *(.intvec_tc1_82)

.inttab_tc1_053 memory region -> *default*
                0x805fea60        0x0
                0x805fea60                        . = ALIGN (0x8)
 *(.intvec_tc1_83)

.inttab_tc1_054 memory region -> *default*
                0x805fea80        0x0
                0x805fea80                        . = ALIGN (0x8)
 *(.intvec_tc1_84)

.inttab_tc1_055 memory region -> *default*
                0x805feaa0        0x0
                0x805feaa0                        . = ALIGN (0x8)
 *(.intvec_tc1_85)

.inttab_tc1_056 memory region -> *default*
                0x805feac0        0x0
                0x805feac0                        . = ALIGN (0x8)
 *(.intvec_tc1_86)

.inttab_tc1_057 memory region -> *default*
                0x805feae0        0x0
                0x805feae0                        . = ALIGN (0x8)
 *(.intvec_tc1_87)

.inttab_tc1_058 memory region -> *default*
                0x805feb00        0x0
                0x805feb00                        . = ALIGN (0x8)
 *(.intvec_tc1_88)

.inttab_tc1_059 memory region -> *default*
                0x805feb20        0x0
                0x805feb20                        . = ALIGN (0x8)
 *(.intvec_tc1_89)

.inttab_tc1_05A memory region -> *default*
                0x805feb40        0x0
                0x805feb40                        . = ALIGN (0x8)
 *(.intvec_tc1_90)

.inttab_tc1_05B memory region -> *default*
                0x805feb60        0x0
                0x805feb60                        . = ALIGN (0x8)
 *(.intvec_tc1_91)

.inttab_tc1_05C memory region -> *default*
                0x805feb80        0x0
                0x805feb80                        . = ALIGN (0x8)
 *(.intvec_tc1_92)

.inttab_tc1_05D memory region -> *default*
                0x805feba0        0x0
                0x805feba0                        . = ALIGN (0x8)
 *(.intvec_tc1_93)

.inttab_tc1_05E memory region -> *default*
                0x805febc0        0x0
                0x805febc0                        . = ALIGN (0x8)
 *(.intvec_tc1_94)

.inttab_tc1_05F memory region -> *default*
                0x805febe0        0x0
                0x805febe0                        . = ALIGN (0x8)
 *(.intvec_tc1_95)

.inttab_tc1_060 memory region -> *default*
                0x805fec00        0x0
                0x805fec00                        . = ALIGN (0x8)
 *(.intvec_tc1_96)

.inttab_tc1_061 memory region -> *default*
                0x805fec20        0x0
                0x805fec20                        . = ALIGN (0x8)
 *(.intvec_tc1_97)

.inttab_tc1_062 memory region -> *default*
                0x805fec40        0x0
                0x805fec40                        . = ALIGN (0x8)
 *(.intvec_tc1_98)

.inttab_tc1_063 memory region -> *default*
                0x805fec60        0x0
                0x805fec60                        . = ALIGN (0x8)
 *(.intvec_tc1_99)

.inttab_tc1_064 memory region -> *default*
                0x805fec80        0x0
                0x805fec80                        . = ALIGN (0x8)
 *(.intvec_tc1_100)

.inttab_tc1_065 memory region -> *default*
                0x805feca0        0x0
                0x805feca0                        . = ALIGN (0x8)
 *(.intvec_tc1_101)

.inttab_tc1_066 memory region -> *default*
                0x805fecc0        0x0
                0x805fecc0                        . = ALIGN (0x8)
 *(.intvec_tc1_102)

.inttab_tc1_067 memory region -> *default*
                0x805fece0        0x0
                0x805fece0                        . = ALIGN (0x8)
 *(.intvec_tc1_103)

.inttab_tc1_068 memory region -> *default*
                0x805fed00        0x0
                0x805fed00                        . = ALIGN (0x8)
 *(.intvec_tc1_104)

.inttab_tc1_069 memory region -> *default*
                0x805fed20        0x0
                0x805fed20                        . = ALIGN (0x8)
 *(.intvec_tc1_105)

.inttab_tc1_06A memory region -> *default*
                0x805fed40        0x0
                0x805fed40                        . = ALIGN (0x8)
 *(.intvec_tc1_106)

.inttab_tc1_06B memory region -> *default*
                0x805fed60        0x0
                0x805fed60                        . = ALIGN (0x8)
 *(.intvec_tc1_107)

.inttab_tc1_06C memory region -> *default*
                0x805fed80        0x0
                0x805fed80                        . = ALIGN (0x8)
 *(.intvec_tc1_108)

.inttab_tc1_06D memory region -> *default*
                0x805feda0        0x0
                0x805feda0                        . = ALIGN (0x8)
 *(.intvec_tc1_109)

.inttab_tc1_06E memory region -> *default*
                0x805fedc0        0x0
                0x805fedc0                        . = ALIGN (0x8)
 *(.intvec_tc1_110)

.inttab_tc1_06F memory region -> *default*
                0x805fede0        0x0
                0x805fede0                        . = ALIGN (0x8)
 *(.intvec_tc1_111)

.inttab_tc1_070 memory region -> *default*
                0x805fee00        0x0
                0x805fee00                        . = ALIGN (0x8)
 *(.intvec_tc1_112)

.inttab_tc1_071 memory region -> *default*
                0x805fee20        0x0
                0x805fee20                        . = ALIGN (0x8)
 *(.intvec_tc1_113)

.inttab_tc1_072 memory region -> *default*
                0x805fee40        0x0
                0x805fee40                        . = ALIGN (0x8)
 *(.intvec_tc1_114)

.inttab_tc1_073 memory region -> *default*
                0x805fee60        0x0
                0x805fee60                        . = ALIGN (0x8)
 *(.intvec_tc1_115)

.inttab_tc1_074 memory region -> *default*
                0x805fee80        0x0
                0x805fee80                        . = ALIGN (0x8)
 *(.intvec_tc1_116)

.inttab_tc1_075 memory region -> *default*
                0x805feea0        0x0
                0x805feea0                        . = ALIGN (0x8)
 *(.intvec_tc1_117)

.inttab_tc1_076 memory region -> *default*
                0x805feec0        0x0
                0x805feec0                        . = ALIGN (0x8)
 *(.intvec_tc1_118)

.inttab_tc1_077 memory region -> *default*
                0x805feee0        0x0
                0x805feee0                        . = ALIGN (0x8)
 *(.intvec_tc1_119)

.inttab_tc1_078 memory region -> *default*
                0x805fef00        0x0
                0x805fef00                        . = ALIGN (0x8)
 *(.intvec_tc1_120)

.inttab_tc1_079 memory region -> *default*
                0x805fef20        0x0
                0x805fef20                        . = ALIGN (0x8)
 *(.intvec_tc1_121)

.inttab_tc1_07A memory region -> *default*
                0x805fef40        0x0
                0x805fef40                        . = ALIGN (0x8)
 *(.intvec_tc1_122)

.inttab_tc1_07B memory region -> *default*
                0x805fef60        0x0
                0x805fef60                        . = ALIGN (0x8)
 *(.intvec_tc1_123)

.inttab_tc1_07C memory region -> *default*
                0x805fef80        0x0
                0x805fef80                        . = ALIGN (0x8)
 *(.intvec_tc1_124)

.inttab_tc1_07D memory region -> *default*
                0x805fefa0        0x0
                0x805fefa0                        . = ALIGN (0x8)
 *(.intvec_tc1_125)

.inttab_tc1_07E memory region -> *default*
                0x805fefc0        0x0
                0x805fefc0                        . = ALIGN (0x8)
 *(.intvec_tc1_126)

.inttab_tc1_07F memory region -> *default*
                0x805fefe0        0x0
                0x805fefe0                        . = ALIGN (0x8)
 *(.intvec_tc1_127)

.inttab_tc1_080 memory region -> *default*
                0x805ff000        0x0
                0x805ff000                        . = ALIGN (0x8)
 *(.intvec_tc1_128)

.inttab_tc1_081 memory region -> *default*
                0x805ff020        0x0
                0x805ff020                        . = ALIGN (0x8)
 *(.intvec_tc1_129)

.inttab_tc1_082 memory region -> *default*
                0x805ff040        0x0
                0x805ff040                        . = ALIGN (0x8)
 *(.intvec_tc1_130)

.inttab_tc1_083 memory region -> *default*
                0x805ff060        0x0
                0x805ff060                        . = ALIGN (0x8)
 *(.intvec_tc1_131)

.inttab_tc1_084 memory region -> *default*
                0x805ff080        0x0
                0x805ff080                        . = ALIGN (0x8)
 *(.intvec_tc1_132)

.inttab_tc1_085 memory region -> *default*
                0x805ff0a0        0x0
                0x805ff0a0                        . = ALIGN (0x8)
 *(.intvec_tc1_133)

.inttab_tc1_086 memory region -> *default*
                0x805ff0c0        0x0
                0x805ff0c0                        . = ALIGN (0x8)
 *(.intvec_tc1_134)

.inttab_tc1_087 memory region -> *default*
                0x805ff0e0        0x0
                0x805ff0e0                        . = ALIGN (0x8)
 *(.intvec_tc1_135)

.inttab_tc1_088 memory region -> *default*
                0x805ff100        0x0
                0x805ff100                        . = ALIGN (0x8)
 *(.intvec_tc1_136)

.inttab_tc1_089 memory region -> *default*
                0x805ff120        0x0
                0x805ff120                        . = ALIGN (0x8)
 *(.intvec_tc1_137)

.inttab_tc1_08A memory region -> *default*
                0x805ff140        0x0
                0x805ff140                        . = ALIGN (0x8)
 *(.intvec_tc1_138)

.inttab_tc1_08B memory region -> *default*
                0x805ff160        0x0
                0x805ff160                        . = ALIGN (0x8)
 *(.intvec_tc1_139)

.inttab_tc1_08C memory region -> *default*
                0x805ff180        0x0
                0x805ff180                        . = ALIGN (0x8)
 *(.intvec_tc1_140)

.inttab_tc1_08D memory region -> *default*
                0x805ff1a0        0x0
                0x805ff1a0                        . = ALIGN (0x8)
 *(.intvec_tc1_141)

.inttab_tc1_08E memory region -> *default*
                0x805ff1c0        0x0
                0x805ff1c0                        . = ALIGN (0x8)
 *(.intvec_tc1_142)

.inttab_tc1_08F memory region -> *default*
                0x805ff1e0        0x0
                0x805ff1e0                        . = ALIGN (0x8)
 *(.intvec_tc1_143)

.inttab_tc1_090 memory region -> *default*
                0x805ff200        0x0
                0x805ff200                        . = ALIGN (0x8)
 *(.intvec_tc1_144)

.inttab_tc1_091 memory region -> *default*
                0x805ff220        0x0
                0x805ff220                        . = ALIGN (0x8)
 *(.intvec_tc1_145)

.inttab_tc1_092 memory region -> *default*
                0x805ff240        0x0
                0x805ff240                        . = ALIGN (0x8)
 *(.intvec_tc1_146)

.inttab_tc1_093 memory region -> *default*
                0x805ff260        0x0
                0x805ff260                        . = ALIGN (0x8)
 *(.intvec_tc1_147)

.inttab_tc1_094 memory region -> *default*
                0x805ff280        0x0
                0x805ff280                        . = ALIGN (0x8)
 *(.intvec_tc1_148)

.inttab_tc1_095 memory region -> *default*
                0x805ff2a0        0x0
                0x805ff2a0                        . = ALIGN (0x8)
 *(.intvec_tc1_149)

.inttab_tc1_096 memory region -> *default*
                0x805ff2c0        0x0
                0x805ff2c0                        . = ALIGN (0x8)
 *(.intvec_tc1_150)

.inttab_tc1_097 memory region -> *default*
                0x805ff2e0        0x0
                0x805ff2e0                        . = ALIGN (0x8)
 *(.intvec_tc1_151)

.inttab_tc1_098 memory region -> *default*
                0x805ff300        0x0
                0x805ff300                        . = ALIGN (0x8)
 *(.intvec_tc1_152)

.inttab_tc1_099 memory region -> *default*
                0x805ff320        0x0
                0x805ff320                        . = ALIGN (0x8)
 *(.intvec_tc1_153)

.inttab_tc1_09A memory region -> *default*
                0x805ff340        0x0
                0x805ff340                        . = ALIGN (0x8)
 *(.intvec_tc1_154)

.inttab_tc1_09B memory region -> *default*
                0x805ff360        0x0
                0x805ff360                        . = ALIGN (0x8)
 *(.intvec_tc1_155)

.inttab_tc1_09C memory region -> *default*
                0x805ff380        0x0
                0x805ff380                        . = ALIGN (0x8)
 *(.intvec_tc1_156)

.inttab_tc1_09D memory region -> *default*
                0x805ff3a0        0x0
                0x805ff3a0                        . = ALIGN (0x8)
 *(.intvec_tc1_157)

.inttab_tc1_09E memory region -> *default*
                0x805ff3c0        0x0
                0x805ff3c0                        . = ALIGN (0x8)
 *(.intvec_tc1_158)

.inttab_tc1_09F memory region -> *default*
                0x805ff3e0        0x0
                0x805ff3e0                        . = ALIGN (0x8)
 *(.intvec_tc1_159)

.inttab_tc1_0A0 memory region -> *default*
                0x805ff400        0x0
                0x805ff400                        . = ALIGN (0x8)
 *(.intvec_tc1_160)

.inttab_tc1_0A1 memory region -> *default*
                0x805ff420        0x0
                0x805ff420                        . = ALIGN (0x8)
 *(.intvec_tc1_161)

.inttab_tc1_0A2 memory region -> *default*
                0x805ff440        0x0
                0x805ff440                        . = ALIGN (0x8)
 *(.intvec_tc1_162)

.inttab_tc1_0A3 memory region -> *default*
                0x805ff460        0x0
                0x805ff460                        . = ALIGN (0x8)
 *(.intvec_tc1_163)

.inttab_tc1_0A4 memory region -> *default*
                0x805ff480        0x0
                0x805ff480                        . = ALIGN (0x8)
 *(.intvec_tc1_164)

.inttab_tc1_0A5 memory region -> *default*
                0x805ff4a0        0x0
                0x805ff4a0                        . = ALIGN (0x8)
 *(.intvec_tc1_165)

.inttab_tc1_0A6 memory region -> *default*
                0x805ff4c0        0x0
                0x805ff4c0                        . = ALIGN (0x8)
 *(.intvec_tc1_166)

.inttab_tc1_0A7 memory region -> *default*
                0x805ff4e0        0x0
                0x805ff4e0                        . = ALIGN (0x8)
 *(.intvec_tc1_167)

.inttab_tc1_0A8 memory region -> *default*
                0x805ff500        0x0
                0x805ff500                        . = ALIGN (0x8)
 *(.intvec_tc1_168)

.inttab_tc1_0A9 memory region -> *default*
                0x805ff520        0x0
                0x805ff520                        . = ALIGN (0x8)
 *(.intvec_tc1_169)

.inttab_tc1_0AA memory region -> *default*
                0x805ff540        0x0
                0x805ff540                        . = ALIGN (0x8)
 *(.intvec_tc1_170)

.inttab_tc1_0AB memory region -> *default*
                0x805ff560        0x0
                0x805ff560                        . = ALIGN (0x8)
 *(.intvec_tc1_171)

.inttab_tc1_0AC memory region -> *default*
                0x805ff580        0x0
                0x805ff580                        . = ALIGN (0x8)
 *(.intvec_tc1_172)

.inttab_tc1_0AD memory region -> *default*
                0x805ff5a0        0x0
                0x805ff5a0                        . = ALIGN (0x8)
 *(.intvec_tc1_173)

.inttab_tc1_0AE memory region -> *default*
                0x805ff5c0        0x0
                0x805ff5c0                        . = ALIGN (0x8)
 *(.intvec_tc1_174)

.inttab_tc1_0AF memory region -> *default*
                0x805ff5e0        0x0
                0x805ff5e0                        . = ALIGN (0x8)
 *(.intvec_tc1_175)

.inttab_tc1_0B0 memory region -> *default*
                0x805ff600        0x0
                0x805ff600                        . = ALIGN (0x8)
 *(.intvec_tc1_176)

.inttab_tc1_0B1 memory region -> *default*
                0x805ff620        0x0
                0x805ff620                        . = ALIGN (0x8)
 *(.intvec_tc1_177)

.inttab_tc1_0B2 memory region -> *default*
                0x805ff640        0x0
                0x805ff640                        . = ALIGN (0x8)
 *(.intvec_tc1_178)

.inttab_tc1_0B3 memory region -> *default*
                0x805ff660        0x0
                0x805ff660                        . = ALIGN (0x8)
 *(.intvec_tc1_179)

.inttab_tc1_0B4 memory region -> *default*
                0x805ff680        0x0
                0x805ff680                        . = ALIGN (0x8)
 *(.intvec_tc1_180)

.inttab_tc1_0B5 memory region -> *default*
                0x805ff6a0        0x0
                0x805ff6a0                        . = ALIGN (0x8)
 *(.intvec_tc1_181)

.inttab_tc1_0B6 memory region -> *default*
                0x805ff6c0        0x0
                0x805ff6c0                        . = ALIGN (0x8)
 *(.intvec_tc1_182)

.inttab_tc1_0B7 memory region -> *default*